******************************************************************************
                  TI ARM Linker PC v20.2.6                     
******************************************************************************
>> Linked Tue Jun 14 14:49:35 2022

OUTPUT FILE NAME:   <i2ctmp_LP_CC2652RB_tirtos_ccs.out>
ENTRY POINT SYMBOL: "ResetISR"  address: 000041d5


MEMORY CONFIGURATION

         name            origin    length      used     unused   attr    fill
----------------------  --------  ---------  --------  --------  ----  --------
  FLASH                 00000000   00058000  00006750  000518b0  R  X
  GPRAM                 11000000   00002000  00000000  00002000  RW X
  SRAM                  20000000   00014000  00005765  0000e89b  RW X
  LOG_DATA              90000000   00040000  00000000  00040000  R   


SEGMENT ALLOCATION MAP

run origin  load origin   length   init length attrs members
----------  ----------- ---------- ----------- ----- -------
00000000    00000000    00006700   00006700    r-x
  00000000    00000000    0000003c   0000003c    r-- .resetVecs
  0000003c    0000003c    00005c30   00005c30    r-x .text
  00005c70    00005c70    000008bc   000008bc    r-- .const
  00006530    00006530    000001d0   000001d0    r-- .cinit
00057fa8    00057fa8    00000058   00000058    r--
  00057fa8    00057fa8    00000058   00000058    r-- .ccfg
20000100    20000100    0000000c   00000000    rw-
  20000100    20000100    00000004   00000000    rw- .data:xdcRomConstPtr
  20000104    20000104    00000004   00000000    rw- .data:xdcRomExternFuncPtr
  20000108    20000108    00000004   00000000    rw- .data:xdcRomStatePtr
20000110    20000110    00004000   00000000    r--
  20000110    20000110    00004000   00000000    r-- .priheap
20004110    20004110    00001284   00000000    rw-
  20004110    20004110    00000cc5   00000000    rw- .bss
  20004dd8    20004dd8    000005bc   00000000    rw- .data
20013c00    20013c00    00000400   00000000    rw-
  20013c00    20013c00    00000400   00000000    rw- .stack


SECTION ALLOCATION MAP

 output                                  attributes/
section   page    origin      length       input sections
--------  ----  ----------  ----------   ----------------
.binit     0    00000000    00000000     

.cinit     0    00006530    000001d0     
                  00006530    00000179     (.cinit..data.load) [load image, compression = lzss]
                  000066a9    00000003     --HOLE-- [fill = 0]
                  000066ac    0000000c     (__TI_handler_table)
                  000066b8    00000008     (.cinit..bss.load) [load image, compression = zero_init]
                  000066c0    00000008     (.cinit..data:xdcRomConstPtr.load) [load image, compression = lzss]
                  000066c8    00000008     (.cinit..data:xdcRomExternFuncPtr.load) [load image, compression = lzss]
                  000066d0    00000008     (.cinit..data:xdcRomStatePtr.load) [load image, compression = lzss]
                  000066d8    00000028     (__TI_cinit_table)

.init_array 
*          0    00000000    00000000     UNINITIALIZED

.ccfg      0    00057fa8    00000058     
                  00057fa8    00000058     ti_devices_config.obj (.ccfg:retain)

.bss       0    20004110    00000cc5     UNINITIALIZED
                  20004110    00000400     ti_drivers_config.obj (.bss:displayUARTBuffer)
                  20004510    00000200     release_pem4f.oem4f (.bss:taskStackSection)
                  20004710    000001bc     (.common:uartCC26XXObjects)
                  200048cc    0000014c     (.common:i2cCC26xxObjects)
                  20004a18    000000d8     (.common:ti_sysbios_family_arm_m3_Hwi_dispatchTable)
                  20004af0    0000008c     (.common:timerCC26XXObjects)
                  20004b7c    0000007c     (.common:pinHandleTable)
                  20004bf8    00000050     drivers_cc26x2.a : PINCC26XX.oem4f (.bss:pinSemaphore)
                  20004c48    0000004c     (.common:gptimerCC26XXObjects)
                  20004c94    0000003c                      : PINCC26XX.oem4f (.bss:pinSwi)
                  20004cd0    00000020                      : GPIOCC26XX.oem4f (.bss:gpioCallbackInfo)
                  20004cf0    00000020                      : PINCC26XX.oem4f (.bss:pinGpioConfigTable)
                  20004d10    00000020     ti_drivers_config.obj (.bss:uartCC26XXRingBuffer0)
                  20004d30    00000020     (.common:i2cTransaction)
                  20004d50    0000001c     drivers_cc26x2.a : PINCC26XX.oem4f (.bss:pinHwi)
                  20004d6c    00000010     (.common:i2cParams)
                  20004d7c    0000000c                      : GPIOCC26XX.oem4f (.bss:gpioPinState)
                  20004d88    0000000c     (.common:displayUartObject)
                  20004d94    0000000c     (.common:tparams)
                  20004da0    00000008                      : GPIOCC26XX.oem4f (.bss)
                  20004da8    00000008     (.common:rxBuffer)
                  20004db0    00000008     (.common:txBuffer)
                  20004db8    00000004                      : PINCC26XX.oem4f (.bss)
                  20004dbc    00000004     main_tirtos.obj (.bss)
                  20004dc0    00000004     (.common:PowerCC26XX_swiKey)
                  20004dc4    00000004     (.common:PowerCC26XX_taskKey)
                  20004dc8    00000004     (.common:i2c)
                  20004dcc    00000004     (.common:semGetData)
                  20004dd0    00000004     (.common:timer0_h)
                  20004dd4    00000001     (.common:driverlib_release_0_60278)

.data      0    20004dd8    000005bc     UNINITIALIZED
                  20004dd8    00000170     drivers_cc26x2.a : PowerCC26X2.oem4f (.data:PowerCC26X2_module)
                  20004f48    0000010c     release_pem4f.oem4f (.data:ROM_stateStruct)
                  20005054    000000b4     rom_sysbios.aem4f : rom_sysbios.obj (.data:$O1$$)
                  20005108    0000004c     release_pem4f.oem4f (.data:ti_sysbios_knl_Task_Object__table__V)
                  20005154    00000004     ti_drivers_config.obj (.data:gpioCallbackFunctions)
                  20005158    00000048     release_pem4f.oem4f (.data:ti_sysbios_family_arm_cc26xx_Timer_Object__table__V)
                  200051a0    00000038     release_pem4f.oem4f (.data:ti_sysbios_gates_GateMutex_Object__table__V)
                  200051d8    00000030     release_pem4f.oem4f (.data:ti_sysbios_knl_Swi_Module_State_0_readyQ__A)
                  20005208    00000030     release_pem4f.oem4f (.data:ti_sysbios_knl_Swi_Object__table__V)
                  20005238    00000030     release_pem4f.oem4f (.data:ti_sysbios_knl_Task_Module_State_0_readyQ__A)
                  20005268    00000024     driverlib.lib : osc.obj (.data:$O1$$)
                  2000528c    00000020     release_pem4f.oem4f (.data:ti_sysbios_knl_Clock_Object__table__V)
                  200052ac    00000020     release_pem4f.oem4f (.data:xdc_runtime_Error_IgnoreBlock)
                  200052cc    00000018     release_pem4f.oem4f (.data:ti_sysbios_family_arm_m3_Hwi_Object__table__V)
                  200052e4    00000018     release_pem4f.oem4f (.data:ti_sysbios_heaps_HeapMem_Object__table__V)
                  200052fc    00000008     rtsv7M4_T_le_v4SPD16_eabi.lib : _lock.c.obj (.data:$O1$$)
                  20005304    00000008     drivers_cc26x2.a : PINCC26XX.oem4f (.data)
                  2000530c    00000008     release_pem4f.oem4f (.data:ti_sysbios_family_arm_m3_Hwi_Module__root__V)
                  20005314    00000008     release_pem4f.oem4f (.data:ti_sysbios_gates_GateHwi_Module__root__V)
                  2000531c    00000008     release_pem4f.oem4f (.data:ti_sysbios_gates_GateMutex_Module__root__V)
                  20005324    00000008     release_pem4f.oem4f (.data:ti_sysbios_hal_Hwi_Module__root__V)
                  2000532c    00000008     release_pem4f.oem4f (.data:ti_sysbios_heaps_HeapMem_Module__root__V)
                  20005334    00000008     release_pem4f.oem4f (.data:ti_sysbios_knl_Clock_Module__root__V)
                  2000533c    00000008     release_pem4f.oem4f (.data:ti_sysbios_knl_Event_Module__root__V)
                  20005344    00000008     release_pem4f.oem4f (.data:ti_sysbios_knl_Mailbox_Module__root__V)
                  2000534c    00000008     release_pem4f.oem4f (.data:ti_sysbios_knl_Queue_Module__root__V)
                  20005354    00000008     release_pem4f.oem4f (.data:ti_sysbios_knl_Semaphore_Module__root__V)
                  2000535c    00000008     release_pem4f.oem4f (.data:ti_sysbios_knl_Swi_Module__root__V)
                  20005364    00000008     release_pem4f.oem4f (.data:ti_sysbios_knl_Task_Module__root__V)
                  2000536c    00000008     release_pem4f.oem4f (.data:xdc_runtime_System_Module_State_0_atexitHandlers__A)
                  20005374    00000005     drivers_cc26x2.a : GPIOCC26XX.oem4f (.data)
                  20005379    00000001                      : UART.oem4f (.data)
                  2000537a    00000002     release_pem4f.oem4f (.data:ti_sysbios_family_arm_m3_Hwi_Module_State_0_excActive__A)
                  2000537c    00000004     ti_drivers_config.obj (.data:gpioPinConfigs)
                  20005380    00000004     drivers_cc26x2.a : GPIOCC26XX.oem4f (.data:gpioPinTable)
                  20005384    00000004     rtsv7M4_T_le_v4SPD16_eabi.lib : stkdepth_vars.c.obj (.data)
                  20005388    00000004     release_pem4f.oem4f (.data:ti_sysbios_family_arm_m3_Hwi_Module_State_0_excContext__A)
                  2000538c    00000004     release_pem4f.oem4f (.data:ti_sysbios_family_arm_m3_Hwi_Module_State_0_excStack__A)
                  20005390    00000004     release_pem4f.oem4f (.data:ti_sysbios_knl_Task_Module_State_0_idleTask__A)

.stack     0    20013c00    00000400     UNINITIALIZED
                  20013c00    00000400     --HOLE--

.priheap   0    20000110    00004000     UNINITIALIZED
                  20000110    00004000     --HOLE--

.log_data 
*          0    90000000    00000000     COPY SECTION

.data:xdcRomConstPtr 
*          0    20000100    00000004     UNINITIALIZED
                  20000100    00000004     release_pem4f.oem4f (.data:xdcRomConstPtr)

.data:xdcRomExternFuncPtr 
*          0    20000104    00000004     UNINITIALIZED
                  20000104    00000004     release_pem4f.oem4f (.data:xdcRomExternFuncPtr)

.data:xdcRomStatePtr 
*          0    20000108    00000004     UNINITIALIZED
                  20000108    00000004     release_pem4f.oem4f (.data:xdcRomStatePtr)

.bootVecs 
*          0    00000000    00000008     DSECT
                  00000000    00000008     boot.aem4f : boot.oem4f (.bootVecs)

.resetVecs 
*          0    00000000    0000003c     
                  00000000    0000003c     release_pem4f.oem4f (.resetVecs)

.vecs      0    20000000    000000d8     NOLOAD SECTION
                  20000000    000000d8     release_pem4f.oem4f (.vecs)

xdc.meta   0    00000000    00000102     COPY SECTION
                  00000000    00000102     release_pem4f.oem4f (xdc.meta)

xdc.noload 
*          0    00000000    00000000     COPY SECTION

__llvm_prf_cnts 
*          0    20000000    00000000     UNINITIALIZED

.text      0    0000003c    00005c30     
                  0000003c    0000041c     rtsv7M4_T_le_v4SPD16_eabi.lib : e_acos.c.obj (.text:acos)
                  00000458    000001f4     drivers_cc26x2.a : PINCC26XX.oem4f (.text:PIN_init)
                  0000064c    000001b6     rtsv7M4_T_le_v4SPD16_eabi.lib : fd_add_t2.asm.obj (.text)
                  00000802    00000002     ti_drivers_config.obj (.text:Board_initHook)
                  00000804    00000198     drivers_cc26x2.a : PowerCC26X2.oem4f (.text:Power_sleep)
                  0000099c    00000190                      : PowerCC26X2_calibrateRCOSC.oem4f (.text:calibrateRcoscHf1)
                  00000b2c    0000018c                      : PowerCC26X2_calibrateRCOSC.oem4f (.text:runCalibrateFsm)
                  00000cb8    00000188     release_pem4f.oem4f (.text:xdc_runtime_System_printfExtend__I)
                  00000e40    00000174     drivers_cc26x2.a : PowerCC26X2.oem4f (.text:Power_init)
                  00000fb4    0000016c     driverlib.lib : osc.obj (.text:findHposcCoefficients)
                  00001120    00000164     drivers_cc26x2.a : UARTCC26XX.oem4f (.text:UARTCC26XX_open)
                  00001284    00000158     rtsv7M4_T_le_v4SPD16_eabi.lib : e_sqrt.c.obj (.text:sqrt)
                  000013dc    00000154     drivers_cc26x2.a : UARTCC26XX.oem4f (.text:UARTCC26XX_hwiIntFxn)
                  00001530    0000013a                      : UARTCC26XX.oem4f (.text:UARTCC26XX_read)
                  0000166a    00000002     display.a : DisplayUart.oem4f (.text:DisplayUartMin_clear)
                  0000166c    00000138     main_tirtos.obj (.text:mainThread)
                  000017a4    00000136     rtsv7M4_T_le_v4SPD16_eabi.lib : fd_div_t2.asm.obj (.text)
                  000018da    00000122     drivers_cc26x2.a : I2C.oem4f (.text:I2C_transferTimeout)
                  000019fc    00000120                      : PowerCC26X2.oem4f (.text:configureXOSCHF)
                  00001b1c    00000114                      : PINCC26XX.oem4f (.text:PINCC26XX_setIoCfg)
                  00001c30    00000110                      : GPIOCC26XX.oem4f (.text:GPIO_setConfig)
                  00001d40    00000110                      : I2CCC26XX.oem4f (.text:I2CCC26XX_hwiFxn)
                  00001e50    0000010c                      : I2CCC26XX.oem4f (.text:I2C_open)
                  00001f5c    00000100                      : TimerCC26XX.oem4f (.text:Timer_open)
                  0000205c    000000fc     rtsv7M4_T_le_v4SPD16_eabi.lib : fd_mul_t2.asm.obj (.text)
                  00002158    000000f0     driverlib.lib : sys_ctrl.obj (.text:NOROM_SysCtrlStandby)
                  00002248    000000e0     drivers_cc26x2.a : UARTCC26XX.oem4f (.text:UARTCC26XX_write)
                  00002328    000000c8     dpl_cc26x2.a : PowerCC26X2_tirtos.oem4f (.text:PowerCC26XX_standbyPolicy)
                  000023f0    000000c4     drivers_cc26x2.a : GPIOCC26XX.oem4f (.text:GPIO_init)
                  000024b4    000000c0                      : PowerCC26X2.oem4f (.text:Power_releaseDependency)
                  00002574    000000c0                      : UARTCC26XX.oem4f (.text:UARTCC26XX_initIO)
                  00002634    000000ba                      : I2CCC26XX.oem4f (.text:I2CCC26XX_swiFxn)
                  000026ee    00000002     display.a : DisplayUart.oem4f (.text:DisplayUartMin_clearLines)
                  000026f0    000000b8     drivers_cc26x2.a : PowerCC26X2.oem4f (.text:Power_setDependency)
                  000027a8    000000b8                      : UARTCC26XX.oem4f (.text:UARTCC26XX_initHw)
                  00002860    000000b8     main_tirtos.obj (.text:main)
                  00002918    000000b6     driverlib.lib : osc.obj (.text:multiplyColumns)
                  000029ce    00000002     display.a : DisplayUart.oem4f (.text:DisplayUartMin_init)
                  000029d0    000000ac     drivers_cc26x2.a : PINCC26XX.oem4f (.text:PIN_open)
                  00002a7c    000000ac     driverlib.lib : setup.obj (.text:TrimAfterColdResetWakeupFromShutDown)
                  00002b28    000000a4                   : osc.obj (.text:findHposcPc)
                  00002bcc    000000a0     auto_init.aem4f : auto_init.oem4f (.text)
                  00002c6c    0000009c     rtsv7M4_T_le_v4SPD16_eabi.lib : memcpy_t2.asm.obj (.text)
                  00002d08    00000098     driverlib.lib : osc.obj (.text:NOROM_OSC_HPOSCInitializeFrequencyOffsetParameters)
                  00002da0    00000098                   : setup.obj (.text:NOROM_SetupTrimDevice)
                  00002e38    00000098     drivers_cc26x2.a : UARTCC26XX.oem4f (.text:writeTxFifoFlush)
                  00002ed0    00000096                      : I2CCC26XX.oem4f (.text:I2CSupport_primeTransfer)
                  00002f66    00000096     rtsv7M4_T_le_v4SPD16_eabi.lib : ull_div_t2.asm.obj (.text)
                  00002ffc    00000092     drivers_cc26x2.a : UARTCC26XX.oem4f (.text:UARTCC26XX_writeCancel)
                  0000308e    00000092     driverlib.lib : osc.obj (.text:findDenominator)
                  00003120    00000090     main_tirtos.obj (.text:taskGetDataFxn)
                  000031b0    0000008e     driverlib.lib : osc.obj (.text:findNumerator)
                  0000323e    00000002     drivers_cc26x2.a : I2C.oem4f (.text:I2C_init)
                  00003240    00000088                      : GPTimerCC26XX.oem4f (.text:GPTimerCC26XX_open)
                  000032c8    00000088     driverlib.lib : osc.obj (.text:NOROM_OSCHF_AttemptToSwitchToXosc)
                  00003350    00000088     drivers_cc26x2.a : PowerCC26X2_calibrateRCOSC.oem4f (.text:calibrateRcoscHf2)
                  000033d8    00000088                      : PowerCC26X2.oem4f (.text:disableLFClockQualifiers)
                  00003460    00000088                      : PowerCC26X2_calibrateRCOSC.oem4f (.text:updateSubSecInc)
                  000034e8    00000086     rtsv7M4_T_le_v4SPD16_eabi.lib : fd_cmp_t2.asm.obj (.text:__aeabi_cdcmple)
                  0000356e    00000086                                   : fd_cmp_t2.asm.obj (.text:__aeabi_cdrcmple)
                  000035f4    00000084     ti_drivers_config.obj (.text:Board_sendExtFlashByte)
                  00003678    00000084     drivers_cc26x2.a : UARTCC26XX.oem4f (.text:UARTCC26XX_close)
                  000036fc    00000084     rom_sysbios.aem4f : rom_sysbios.obj (.text:ti_sysbios_family_arm_m3_Hwi_excHandlerMin__I)
                  00003780    00000080     driverlib.lib : chipinfo.obj (.text:NOROM_ChipInfo_GetChipType)
                  00003800    00000080                   : sys_ctrl.obj (.text:NOROM_SysCtrlSetRechargeBeforePowerDown)
                  00003880    00000080     rom_sysbios.aem4f : rom_sysbios.obj (.text:ti_sysbios_family_arm_cc26xx_Timer_start__E)
                  00003900    0000007a     rtsv7M4_T_le_v4SPD16_eabi.lib : memset_t2.asm.obj (.text)
                  0000397a    00000076     rom_sysbios.aem4f : rom_sysbios.obj (.text:ti_sysbios_heaps_HeapMem_allocUnprotected__E)
                  000039f0    00000074     drivers_cc26x2.a : GPTimerCC26XX.oem4f (.text:GPTimerCC26XX_resetHw)
                  00003a64    00000074                      : PowerCC26X2_calibrateRCOSC.oem4f (.text:PowerCC26X2_auxISR)
                  00003ad8    00000070                      : PINCC26XX.oem4f (.text:PIN_add)
                  00003b48    0000006e     rtsv7M4_T_le_v4SPD16_eabi.lib : ll_div_t2.asm.obj (.text)
                  00003bb6    00000002                                   : _lock.c.obj (.text:_nop)
                  00003bb8    0000006d     rom_sysbios.aem4f : rom_sysbios.obj (.text:xdc_runtime_System_formatNum__I)
                  00003c25    00000001     --HOLE-- [fill = 0]
                  00003c26    00000002     drivers_cc26x2.a : PowerCC26X2.oem4f (.text:emptyClockFunc)
                  00003c28    0000006c     main_tirtos.obj (.text:dataFormatting)
                  00003c94    00000068     driverlib.lib : osc.obj (.text:NOROM_OSCHF_SwitchToRcOscTurnOffXosc)
                  00003cfc    00000068     drivers_cc26x2.a : Timer.oem4f (.text:Timer_setPeriod)
                  00003d64    00000068     rtsv7M4_T_le_v4SPD16_eabi.lib : copy_decompress_lzss.c.obj (.text:decompress:lzss:__TI_decompress_lzss)
                  00003dcc    00000064     drivers_cc26x2.a : I2CCC26XX.oem4f (.text:I2CCC26XX_initIO)
                  00003e30    00000064                      : UARTCC26XX.oem4f (.text:UARTCC26XX_control)
                  00003e94    00000062                      : UARTCC26XX.oem4f (.text:UARTCC26XX_swiIntFxn)
                  00003ef6    00000002     rtsv7M4_T_le_v4SPD16_eabi.lib : div0.asm.obj (.text)
                  00003ef8    00000060     drivers_cc26x2.a : I2CCC26XX.oem4f (.text:I2CCC26XX_initHw)
                  00003f58    0000005c     display.a : Display.oem4f (.text:Display_doOpen)
                  00003fb4    0000005c     drivers_cc26x2.a : PINCC26XX.oem4f (.text:PIN_remove)
                  00004010    0000005c                      : UARTCC26XX.oem4f (.text:startTxFifoEmptyClk)
                  0000406c    0000005c     rom_sysbios.aem4f : rom_sysbios.obj (.text:ti_sysbios_heaps_HeapMem_initPrimary__I)
                  000040c8    0000005c     release_pem4f.oem4f (.text:xdc_runtime_Startup_getState__I)
                  00004124    00000058     drivers_cc26x2.a : GPTimerCC26XX.oem4f (.text:GPTimerCC26XX_stop)
                  0000417c    00000058                      : PowerCC26X2_calibrateRCOSC.oem4f (.text:PowerCC26X2_initiateCalibration)
                  000041d4    00000058     boot.aem4f : boot.oem4f (.text)
                  0000422c    00000058     rom_sysbios.aem4f : rom_sysbios.obj (.text:ti_sysbios_heaps_HeapMem_alloc__E)
                  00004284    00000054     driverlib.lib : prcm.obj (.text:NOROM_PRCMPowerDomainsAllOff)
                  000042d8    00000054     dpl_cc26x2.a : SwiP_tirtos.oem4f (.text:SwiP_construct)
                  0000432c    00000050     drivers_cc26x2.a : GPTimerCC26XX.oem4f (.text:GPTimerCC26XX_registerInterrupt)
                  0000437c    00000050     main_tirtos.obj (.text:myTimer_init)
                  000043cc    0000004c     ti_drivers_config.obj (.text:Board_wakeUpExtFlash)
                  00004418    0000004c     drivers_cc26x2.a : GPTimerCC26XX.oem4f (.text:GPTimerCC26XX_initHw)
                  00004464    0000004c                      : GPTimerCC26XX.oem4f (.text:GPTimerCC26XX_start)
                  000044b0    0000004c     driverlib.lib : prcm.obj (.text:NOROM_PRCMPowerDomainsAllOn)
                  000044fc    0000004c     drivers_cc26x2.a : UARTCC26XX.oem4f (.text:UARTCC26XX_readCancel)
                  00004548    0000004c     rtsv7M4_T_le_v4SPD16_eabi.lib : cpy_tbl.c.obj (.text:copy_in)
                  00004594    0000004a     display.a : DisplayUart.oem4f (.text:DisplayUartMin_open)
                  000045de    00000002     release_pem4f.oem4f (.text:ti_sysbios_BIOS_nullFunc__I)
                  000045e0    00000048     drivers_cc26x2.a : GPTimerCC26XX.oem4f (.text:GPTimerCC26XXHwiFxn)
                  00004628    00000048                      : PINCC26XX.oem4f (.text:PIN_setOutputEnable)
                  00004670    00000048                      : PowerCC26X2_calibrateRCOSC.oem4f (.text:PowerCC26X2_RCOSC_clockFunc)
                  000046b8    00000048                      : PowerCC26X2.oem4f (.text:switchXOSCHF)
                  00004700    00000048                      : UARTCC26XX.oem4f (.text:writeFinishedDoCallback)
                  00004748    00000046     display.a : DisplayUart.oem4f (.text:DisplayUartMin_vprintf)
                  0000478e    00000046     drivers_cc26x2.a : RingBuf.oem4f (.text:RingBuf_put)
                  000047d4    00000044     driverlib.lib : chipinfo.obj (.text:NOROM_ChipInfo_GetHwRevision)
                  00004818    00000044     drivers_cc26x2.a : PINCC26XX.oem4f (.text:PIN_swi)
                  0000485c    00000044                      : Timer.oem4f (.text:Timer_start)
                  000048a0    00000044                      : UART.oem4f (.text:UART_init)
                  000048e4    00000044     rtsv7M4_T_le_v4SPD16_eabi.lib : fd_tou_t2.asm.obj (.text)
                  00004928    00000040     ti_drivers_config.obj (.text:Board_shutDownExtFlash)
                  00004968    00000040     dpl_cc26x2.a : ClockP_tirtos.oem4f (.text:ClockP_construct)
                  000049a8    00000040     driverlib.lib : osc.obj (.text:NOROM_OSC_HPOSCRelativeFrequencyOffsetGet)
                  000049e8    00000040     drivers_cc26x2.a : RingBuf.oem4f (.text:RingBuf_get)
                  00004a28    00000040                      : UART.oem4f (.text:UART_open)
                  00004a68    00000040     rtsv7M4_T_le_v4SPD16_eabi.lib : u_divt2.asm.obj (.text)
                  00004aa8    00000040     rom_sysbios.aem4f : rom_sysbios.obj (.text:ti_sysbios_family_arm_cc26xx_Timer_setThreshold__I)
                  00004ae8    0000003e     dpl_cc26x2.a : HwiP_tirtos.oem4f (.text:HwiP_construct)
                  00004b26    00000002     rom_sysbios.aem4f : rom_sysbios.obj (.text:xdc_runtime_SysCallback_defaultAbort)
                  00004b28    0000003c     drivers_cc26x2.a : GPTimerCC26XX.oem4f (.text:GPTimerCC26XX_unregisterInterrupt)
                  00004b64    0000003c                      : PINCC26XX.oem4f (.text:PIN_setOutputValue)
                  00004ba0    0000003c     rom_sysbios.aem4f : rom_sysbios.obj (.text:ti_sysbios_family_arm_m3_Hwi_construct2__E)
                  00004bdc    00000038     drivers_cc26x2.a : PINCC26XX.oem4f (.text:PIN_setConfig)
                  00004c14    00000038                      : PowerCC26X2.oem4f (.text:notify)
                  00004c4c    00000038                      : UARTCC26XX.oem4f (.text:readData)
                  00004c84    00000038     rtsv7M4_T_le_v4SPD16_eabi.lib : fs_tod_t2.asm.obj (.text)
                  00004cbc    00000038     drivers_cc26x2.a : UARTCC26XX.oem4f (.text:writeData)
                  00004cf4    00000036                      : Timer.oem4f (.text:Timer_stop)
                  00004d2a    00000002     rom_sysbios.aem4f : rom_sysbios.obj (.text:xdc_runtime_SysCallback_defaultExit)
                  00004d2c    00000034     drivers_cc26x2.a : GPIOCC26XX.oem4f (.text:GPIO_toggle)
                  00004d60    00000034                      : GPTimerCC26XX.oem4f (.text:GPTimerCC26XXSetLoadMatch)
                  00004d94    00000034                      : GPTimerCC26XX.oem4f (.text:GPTimerCC26XX_configureDebugStall)
                  00004dc8    00000034     driverlib.lib : aux_sysif.obj (.text:NOROM_AUXSYSIFOpModeChange)
                  00004dfc    00000034                   : sys_ctrl.obj (.text:NOROM_SysCtrlIdle)
                  00004e30    00000034     drivers_cc26x2.a : UARTCC26XX.oem4f (.text:readData2RingBuf)
                  00004e64    00000032     rom_sysbios.aem4f : rom_sysbios.obj (.text:ti_sysbios_family_arm_cc26xx_Timer_setNextTick__E)
                  00004e96    00000002                       : rom_sysbios.obj (.text:xdc_runtime_SysCallback_defaultFlush)
                  00004e98    00000030     drivers_cc26x2.a : GPIOCC26XX.oem4f (.text:GPIO_hwiIntFxn)
                  00004ec8    00000030                      : GPIOCC26XX.oem4f (.text:GPIO_setCallback)
                  00004ef8    00000030                      : GPTimerCC26XX.oem4f (.text:GPTimerCC26XX_close)
                  00004f28    00000030                      : PINCC26XX.oem4f (.text:PINCC26XX_setMux)
                  00004f58    00000030                      : PowerCC26X2.oem4f (.text:Power_releaseConstraint)
                  00004f88    00000030                      : PowerCC26X2.oem4f (.text:Power_setConstraint)
                  00004fb8    00000030                      : TimerCC26XX.oem4f (.text:Timer_close)
                  00004fe8    00000030     release_pem4f.oem4f (.text:ti_sysbios_BIOS_atExitFunc__I)
                  00005018    00000030     release_pem4f.oem4f (.text:ti_sysbios_BIOS_startFunc__I)
                  00005048    00000030     rom_sysbios.aem4f : rom_sysbios.obj (.text:ti_sysbios_family_arm_cc26xx_Timer_getCurrentTick__E)
                  00005078    00000030                       : rom_sysbios.obj (.text:ti_sysbios_family_arm_cc26xx_Timer_initDevice__I)
                  000050a8    0000002e     rtsv7M4_T_le_v4SPD16_eabi.lib : i_tofd_t2.asm.obj (.text)
                  000050d6    0000002c     dpl_cc26x2.a : SemaphoreP_tirtos.oem4f (.text:SemaphoreP_constructBinary)
                  00005102    00000002     rom_sysbios.aem4f : rom_sysbios.obj (.text:xdc_runtime_SysCallback_defaultPutch)
                  00005104    0000002c     dpl_cc26x2.a : SemaphoreP_tirtos.oem4f (.text:SemaphoreP_createBinary)
                  00005130    0000002c     rom_sysbios.aem4f : rom_sysbios.obj (.text:_pthread_delete$45)
                  0000515c    0000002c                       : rom_sysbios.obj (.text:ti_sysbios_knl_Clock_getTicksUntilInterrupt__E)
                  00005188    0000002a     display.a : Display.oem4f (.text:Display_doPrintf)
                  000051b2    00000002     --HOLE-- [fill = 0]
                  000051b4    00000028               : Display.oem4f (.text:Display_doInit)
                  000051dc    00000028     drivers_cc26x2.a : PowerCC26X2.oem4f (.text:Power_registerNotify)
                  00005204    00000028                      : TimerCC26XX.oem4f (.text:TimerCC26XX_callbackfxn)
                  0000522c    00000028                      : PowerCC26X2.oem4f (.text:oscillatorISR)
                  00005254    00000026                      : GPTimerCC26XX.oem4f (.text:GPTimerCC26XXLookupMask)
                  0000527a    00000026                      : I2C.oem4f (.text:I2C_cancel)
                  000052a0    00000026                      : List.oem4f (.text:List_put)
                  000052c6    00000026                      : List.oem4f (.text:List_remove)
                  000052ec    00000024     ti_drivers_config.obj (.text:Board_init)
                  00005310    00000024     drivers_cc26x2.a : GPTimerCC26XX.oem4f (.text:GPTimerCC26XX_enableInterrupt)
                  00005334    00000024     driverlib.lib : osc.obj (.text:NOROM_OSCHF_TurnOnXosc)
                  00005358    00000024     rom_sysbios.aem4f : rom_sysbios.obj (.text:_pthread_cleanupFxn)
                  0000537c    00000024     drivers_cc26x2.a : PowerCC26X2_calibrateRCOSC.oem4f (.text:getTdcSemaphore)
                  000053a0    00000024     release_pem4f.oem4f (.text:ti_sysbios_BIOS_registerRTSLock__I)
                  000053c4    00000024     release_pem4f.oem4f (.text:ti_sysbios_BIOS_removeRTSLock__I)
                  000053e8    00000024     rom_sysbios.aem4f : rom_sysbios.obj (.text:ti_sysbios_family_arm_cc26xx_Timer_getMaxTicks__E)
                  0000540c    00000022     drivers_cc26x2.a : GPTimerCC26XX.oem4f (.text:GPTimerCC26XXReverseLookupMask)
                  0000542e    00000002     --HOLE-- [fill = 0]
                  00005430    00000020                      : PINCC26XX.oem4f (.text:PINCC26XX_setIoCfgMux)
                  00005450    00000020                      : PowerCC26X2.oem4f (.text:Power_unregisterNotify)
                  00005470    00000020     rtsv7M4_T_le_v4SPD16_eabi.lib : u_tofd_t2.asm.obj (.text)
                  00005490    00000020     drivers_cc26x2.a : UARTCC26XX.oem4f (.text:threadSafeStdbyDisRelease)
                  000054b0    00000020                      : UARTCC26XX.oem4f (.text:threadSafeStdbyDisSet)
                  000054d0    00000020     release_pem4f.oem4f (.text:ti_sysbios_BIOS_rtsLock__I)
                  000054f0    00000020     rom_sysbios.aem4f : rom_sysbios.obj (.text:ti_sysbios_family_arm_cc26xx_Timer_dynamicStub__E)
                  00005510    00000020                       : rom_sysbios.obj (.text:xdc_runtime_Error_policyMin__E)
                  00005530    0000001e     drivers_cc26x2.a : PINCC26XX.oem4f (.text:PIN_close)
                  0000554e    0000001e                      : PowerCC26X2.oem4f (.text:Power_getTransitionLatency)
                  0000556c    0000001e     rtsv7M4_T_le_v4SPD16_eabi.lib : ll_asr_t2.asm.obj (.text)
                  0000558a    00000002     --HOLE-- [fill = 0]
                  0000558c    0000001c     driverlib.lib : chipinfo.obj (.text:NOROM_ChipInfo_GetChipFamily)
                  000055a8    0000001c     drivers_cc26x2.a : PINCC26XX.oem4f (.text:PIN_hwi)
                  000055c4    0000001c     dpl_cc26x2.a : PowerCC26X2_tirtos.oem4f (.text:PowerCC26XX_schedulerDisable)
                  000055e0    0000001c                  : PowerCC26X2_tirtos.oem4f (.text:PowerCC26XX_schedulerRestore)
                  000055fc    0000001c     rom_sysbios.aem4f : rom_sysbios.obj (.text:ti_sysbios_knl_Swi_construct2__E)
                  00005618    0000001c     release_pem4f.oem4f (.text:xdc_runtime_Startup_exec__I)
                  00005634    0000001a     drivers_cc26x2.a : PowerCC26X2.oem4f (.text:PowerCC26XX_calibrate)
                  0000564e    00000002     --HOLE-- [fill = 0]
                  00005650    00000018     driverlib.lib : chipinfo.obj (.text:NOROM_ChipInfo_GetPackageType)
                  00005668    00000018     drivers_cc26x2.a : PowerCC26X2.oem4f (.text:Power_idleFunc)
                  00005680    00000018                      : UART.oem4f (.text:UART_Params_init)
                  00005698    00000018     rtsv7M4_T_le_v4SPD16_eabi.lib : args_main.c.obj (.text:_args_main)
                  000056b0    00000018                                   : ll_mul_t2.asm.obj (.text)
                  000056c8    00000018     drivers_cc26x2.a : PowerCC26X2.oem4f (.text:switchToTCXO)
                  000056e0    00000018     release_pem4f.oem4f (.text:ti_sysbios_BIOS_rtsUnlock__I)
                  000056f8    00000018     rom_sysbios.aem4f : rom_sysbios.obj (.text:ti_sysbios_knl_Swi_or__E)
                  00005710    00000018                       : rom_sysbios.obj (.text:ti_sysbios_rts_ti_ReentSupport_getReent__F)
                  00005728    00000018     main_tirtos.obj (.text:timerFxnCB)
                  00005740    00000018     rom_sysbios.aem4f : rom_sysbios.obj (.text:xdc_runtime_Error_init__E)
                  00005758    00000016     display.a : DisplayUart.oem4f (.text:DisplayUartMin_close)
                  0000576e    00000016     driverlib.lib : chipinfo.obj (.text:NOROM_ThisLibraryIsFor_CC13x2_CC26x2_HwRev20AndLater_HaltIfViolated)
                  00005784    00000016     release_pem4f.oem4f (.text:ti_sysbios_BIOS_exitFunc__I)
                  0000579a    00000016     main_tirtos.obj (.text:ti_sysbios_knl_Task_Params_init)
                  000057b0    00000014     drivers_cc26x2.a : I2C.oem4f (.text:I2C_transfer)
                  000057c4    00000014                      : PINCC26XX.oem4f (.text:PINCC26XX_getPinCount)
                  000057d8    00000014                      : PowerCC26X2_calibrateRCOSC.oem4f (.text:PowerCC26X2_calibrate)
                  000057ec    00000014     rom_sysbios.aem4f : rom_sysbios.obj (.text:ti_sysbios_family_arm_cc26xx_Timer_getCount64__E)
                  00005800    00000014     release_pem4f.oem4f (.text:ti_sysbios_knl_Clock_doTick__I)
                  00005814    00000012     drivers_cc26x2.a : GPTimerCC26XX.oem4f (.text:GPTimerCC26XX_Params_init)
                  00005826    00000012                      : RingBuf.oem4f (.text:RingBuf_construct)
                  00005838    00000012     dpl_cc26x2.a : SemaphoreP_tirtos.oem4f (.text:SemaphoreP_pend)
                  0000584a    00000012     driverlib.lib : osc.obj (.text:readTempAndFreq)
                  0000585c    00000010     dpl_cc26x2.a : HwiP_tirtos.oem4f (.text:HwiP_Params_init)
                  0000586c    00000010     drivers_cc26x2.a : I2CCC26XX.oem4f (.text:I2CCC26XX_postNotify)
                  0000587c    00000010                      : I2C.oem4f (.text:I2C_Params_init)
                  0000588c    00000010     dpl_cc26x2.a : SwiP_tirtos.oem4f (.text:SwiP_Params_init)
                  0000589c    00000010     drivers_cc26x2.a : TimerCC26XX.oem4f (.text:TimerSupport_timerFullWidth)
                  000058ac    00000010                      : Timer.oem4f (.text:Timer_Params_init)
                  000058bc    00000010                      : UARTCC26XX.oem4f (.text:uartPostNotify)
                  000058cc    0000000e                      : I2CCC26XX.oem4f (.text:I2CSupport_masterFinish)
                  000058da    0000000e     rtsv7M4_T_le_v4SPD16_eabi.lib : copy_decompress_none.c.obj (.text:decompress:none:__TI_decompress_none)
                  000058e8    0000000e     rom_sysbios.aem4f : rom_sysbios.obj (.text:ti_sysbios_family_arm_cc26xx_TimestampProvider_get32__E)
                  000058f6    00000002     --HOLE-- [fill = 0]
                  000058f8    0000000c     dpl_cc26x2.a : ClockP_tirtos.oem4f (.text:ClockP_getSystemTickPeriod)
                  00005904    0000000c     driverlib.lib : cpu.obj (.text:NOROM_CPUcpsid)
                  00005910    0000000c                   : cpu.obj (.text:NOROM_CPUcpsie)
                  0000591c    0000000c     drivers_cc26x2.a : PINCC26XX.oem4f (.text:PIN_registerIntCb)
                  00005928    0000000c                      : PowerCC26X2.oem4f (.text:Power_getConstraintMask)
                  00005934    0000000c                      : PowerCC26X2.oem4f (.text:Power_getDependencyCount)
                  00005940    0000000c     dpl_cc26x2.a : SemaphoreP_tirtos.oem4f (.text:SemaphoreP_delete)
                  0000594c    0000000c     drivers_cc26x2.a : TimerCC26XX.oem4f (.text:TimerSupport_timerLoad)
                  00005958    0000000c     rtsv7M4_T_le_v4SPD16_eabi.lib : _lock.c.obj (.text:_register_lock)
                  00005964    0000000c                                   : _lock.c.obj (.text:_register_unlock)
                  00005970    0000000c                                   : copy_zero_init.c.obj (.text:decompress:ZI:__TI_zero_init)
                  0000597c    0000000c     rom_sysbios.aem4f : rom_sysbios.obj (.text:ti_sysbios_knl_Swi_getTrigger__E)
                  00005988    0000000a     dpl_cc26x2.a : ClockP_tirtos.oem4f (.text:ClockP_Params_init)
                  00005992    0000000a     drivers_cc26x2.a : TimerCC26XX.oem4f (.text:TimerSupport_timerDisable)
                  0000599c    0000000a                      : TimerCC26XX.oem4f (.text:TimerSupport_timerEnable)
                  000059a6    0000000a                      : UART.oem4f (.text:UART_close)
                  000059b0    0000000a                      : UART.oem4f (.text:UART_control)
                  000059ba    0000000a                      : UART.oem4f (.text:UART_write)
                  000059c4    0000000a                      : UARTCC26XX.oem4f (.text:readSemCallback)
                  000059ce    0000000a     release_pem4f.oem4f (.text:ti_sysbios_rts_ti_ReentSupport_getTlsAddr__I)
                  000059d8    00000008     drivers_cc26x2.a : GPTimerCC26XX.oem4f (.text:GPTimerCC26XX_setLoadValue)
                  000059e0    00000008                      : I2CCC26XX.oem4f (.text:I2CCC26XX_blockingCallback)
                  000059e8    00000008                      : UARTCC26XX.oem4f (.text:UARTCC26XX_init)
                  000059f0    00000008                      : UARTCC26XX.oem4f (.text:writeSemCallback)
                  000059f8    00000008     release_pem4f.oem4f (.text:xdc_runtime_Text_visitRope__I)
                  00005a00    00000006     display.a : DisplayUart.oem4f (.text:DisplayUartMin_control)
                  00005a06    00000006               : DisplayUart.oem4f (.text:DisplayUartMin_getType)
                  00005a0c    00000006     drivers_cc26x2.a : GPTimerCC26XX.oem4f (.text:GPTimerCC26XX_getArg)
                  00005a12    00000006                      : GPTimerCC26XX.oem4f (.text:GPTimerCC26XX_setArg)
                  00005a18    00000006                      : I2CCC26XX.oem4f (.text:I2CSupport_powerRelConstraint)
                  00005a1e    00000006                      : I2CCC26XX.oem4f (.text:I2CSupport_powerSetConstraint)
                  00005a24    00000006     driverlib.lib : cpu.obj (.text:NOROM_CPUdelay)
                  00005a2a    00000006     drivers_cc26x2.a : UARTCC26XX.oem4f (.text:UARTCC26XX_readPolling)
                  00005a30    00000006                      : UARTCC26XX.oem4f (.text:UARTCC26XX_writePolling)
                  00005a36    00000006                      : PowerCC26X2.oem4f (.text:delayUs)
                  00005a3c    00000004     dpl_cc26x2.a : PowerCC26X2_tirtos.oem4f (.text:CPUwfi)
                  00005a40    00000004                  : ClockP_tirtos.oem4f (.text:ClockP_destruct)
                  00005a44    00000004                  : ClockP_tirtos.oem4f (.text:ClockP_getCpuFreq)
                  00005a48    00000004                  : ClockP_tirtos.oem4f (.text:ClockP_setTimeout)
                  00005a4c    00000004                  : ClockP_tirtos.oem4f (.text:ClockP_start)
                  00005a50    00000004                  : ClockP_tirtos.oem4f (.text:ClockP_stop)
                  00005a54    00000004                  : HwiP_tirtos.oem4f (.text:HwiP_destruct)
                  00005a58    00000004                  : HwiP_tirtos.oem4f (.text:HwiP_disable)
                  00005a5c    00000004                  : HwiP_tirtos.oem4f (.text:HwiP_disableInterrupt)
                  00005a60    00000004                  : HwiP_tirtos.oem4f (.text:HwiP_enableInterrupt)
                  00005a64    00000004                  : SemaphoreP_tirtos.oem4f (.text:SemaphoreP_destruct)
                  00005a68    00000004                  : SemaphoreP_tirtos.oem4f (.text:SemaphoreP_post)
                  00005a6c    00000004                  : SwiP_tirtos.oem4f (.text:SwiP_destruct)
                  00005a70    00000004                  : SwiP_tirtos.oem4f (.text:SwiP_getTrigger)
                  00005a74    00000004                  : SwiP_tirtos.oem4f (.text:SwiP_or)
                  00005a78    00000004                  : SwiP_tirtos.oem4f (.text:SwiP_post)
                  00005a7c    00000004                  : SystemP_tirtos.oem4f (.text:SystemP_vsnprintf)
                  00005a80    00000004     rom_sysbios.aem4f : rom_sysbios.obj (.text:__aeabi_errno_addr)
                  00005a84    00000004     drivers_cc26x2.a : PowerCC26X2.oem4f (.text:configureRFCoreClocks)
                  00005a88    00000004                      : PowerCC26X2.oem4f (.text:nopResourceHandler)
                  00005a8c    00000004     release_pem4f.oem4f (.text:xdc_runtime_Startup_reset__I)
                  00005a90    00000004     rom_sysbios.aem4f : rom_sysbios.obj (.text:xdc_runtime_SysCallback_defaultReady)
                  00005a94    00000008     (.tramp.xdc_runtime_System_vsnprintf__E.1)
                  00005a9c    00000008     (.tramp.ti_sysbios_knl_Swi_destruct.1)
                  00005aa4    00000008     (.tramp.ti_sysbios_family_arm_m3_Hwi_enableInterrupt__E.1)
                  00005aac    00000008     (.tramp.ti_sysbios_family_arm_m3_Hwi_disableInterrupt__E.1)
                  00005ab4    00000008     (.tramp.ti_sysbios_family_arm_m3_Hwi_disableFxn__E.1)
                  00005abc    00000008     (.tramp.ti_sysbios_family_arm_m3_Hwi_destruct.1)
                  00005ac4    00000008     (.tramp.ti_sysbios_BIOS_getCpuFreq__E.1)
                  00005acc    00000008     (.tramp.ti_sysbios_knl_Clock_destruct.1)
                  00005ad4    00000008     (.tramp.ti_sysbios_knl_Task_self__E.1)
                  00005adc    00000008     (.tramp.ti_sysbios_knl_Semaphore_delete.1)
                  00005ae4    00000008     (.tramp.ti_sysbios_knl_Clock_logTick__E.1)
                  00005aec    00000008     (.tramp.ti_sysbios_knl_Task_Params__init__S.1)
                  00005af4    00000008     (.tramp.ti_sysbios_knl_Semaphore_post__E.1)
                  00005afc    00000008     (.tramp.ti_sysbios_BIOS_getThreadType__E.1)
                  00005b04    00000008     (.tramp.ti_sysbios_knl_Swi_post__E.1)
                  00005b0c    00000008     (.tramp.ti_sysbios_BIOS_RtsGateProxy_leave__E.1)
                  00005b14    00000008     (.tramp.ti_sysbios_knl_Swi_construct.1)
                  00005b1c    00000008     (.tramp.ti_sysbios_knl_Swi_restore__E.1)
                  00005b24    00000008     (.tramp.ti_sysbios_BIOS_RtsGateProxy_enter__E.1)
                  00005b2c    00000008     (.tramp.ti_sysbios_knl_Task_restore__E.1)
                  00005b34    00000008     (.tramp.ti_sysbios_knl_Clock_TimerProxy_getCurrentTick__E.1)
                  00005b3c    00000008     (.tramp.xdc_runtime_Memory_free__E.1)
                  00005b44    00000008     (.tramp.ti_sysbios_knl_Task_delete.1)
                  00005b4c    00000008     (.tramp.ti_sysbios_knl_Semaphore_destruct.1)
                  00005b54    00000008     (.tramp.ti_sysbios_knl_Semaphore_construct.1)
                  00005b5c    00000008     (.tramp.ti_sysbios_knl_Semaphore_Params__init__S.1)
                  00005b64    00000008     (.tramp.ti_sysbios_knl_Task_startup__E.1)
                  00005b6c    00000008     (.tramp.ti_sysbios_knl_Swi_startup__E.1)
                  00005b74    00000008     (.tramp.ti_sysbios_hal_Hwi_startup__E.1)
                  00005b7c    00000008     (.tramp.ti_sysbios_family_arm_cc26xx_Timer_startup__E.1)
                  00005b84    00000008     (.tramp.xdc_runtime_System_atexit__E.1)
                  00005b8c    00000008     (.tramp.ti_sysbios_BIOS_linkedWithIncorrectBootLibrary__E.1)
                  00005b94    00000008     (.tramp.xdc_runtime_Startup_rtsDone__E.1)
                  00005b9c    00000008     (.tramp.ti_sysbios_knl_Task_disable__E.1)
                  00005ba4    00000008     (.tramp.ti_sysbios_knl_Swi_disable__E.1)
                  00005bac    00000008     (.tramp.ti_sysbios_family_arm_m3_Hwi_construct.1)
                  00005bb4    00000008     (.tramp.ti_sysbios_family_arm_m3_Hwi_Params__init__S.1)
                  00005bbc    00000008     (.tramp.ti_sysbios_knl_Clock_construct.1)
                  00005bc4    00000008     (.tramp.ti_sysbios_knl_Clock_Params__init__S.1)
                  00005bcc    00000008     (.tramp.strlen.1)
                  00005bd4    00000008     (.tramp.ti_sysbios_knl_Swi_Params__init__S.1)
                  00005bdc    00000008     (.tramp.ti_sysbios_heaps_HeapMem_Module_GateProxy_leave__E.1)
                  00005be4    00000008     (.tramp.ti_sysbios_heaps_HeapMem_Module_GateProxy_enter__E.1)
                  00005bec    00000008     (.tramp.xdc_runtime_System_exit__E.1)
                  00005bf4    00000008     (.tramp.ti_sysbios_heaps_HeapMem_restore__E.1)
                  00005bfc    00000008     (.tramp.ti_sysbios_heaps_HeapMem_Object__get__S.1)
                  00005c04    00000008     (.tramp.xdc_runtime_Error_raiseX__E.1)
                  00005c0c    00000008     (.tramp.ti_sysbios_BIOS_setThreadType__E.1)
                  00005c14    00000008     (.tramp.ti_sysbios_family_arm_m3_Hwi_excFillContext__I.1)
                  00005c1c    00000008     (.tramp.ti_sysbios_knl_Semaphore_pend__E.1)
                  00005c24    00000008     (.tramp.ti_sysbios_BIOS_start__E.1)
                  00005c2c    00000008     (.tramp.ti_sysbios_knl_Semaphore_create.1)
                  00005c34    00000008     (.tramp.xdc_runtime_System_abort__E.1)
                  00005c3c    00000008     (.tramp.ti_sysbios_knl_Task_create.1)
                  00005c44    00000008     (.tramp.ti_sysbios_knl_Clock_stop__E.1)
                  00005c4c    00000008     (.tramp.ti_sysbios_knl_Clock_start__E.1)
                  00005c54    00000008     (.tramp.ti_sysbios_knl_Clock_setTimeout__E.1)
                  00005c5c    00000008     (.tramp.ti_sysbios_family_arm_m3_Hwi_restoreFxn__E.1)
                  00005c64    00000008     (.tramp.xdc_runtime_System_doPrint__I.1)

.const     0    00005c70    000008bc     
                  00005c70    000003b8     release_pem4f.oem4f (.const:ROM_constStruct)
                  00006028    00000150     driverlib.lib : osc.obj (.const:$O2$$)
                  00006178    00000054     drivers_cc26x2.a : PowerCC26X2.oem4f (.const:resourceDB)
                  000061cc    00000048     release_pem4f.oem4f (.const:.string)
                  00006214    00000048     release_pem4f.oem4f (.const:ROM_externFuncPtrs)
                  0000625c    00000028     drivers_cc26x2.a : UARTCC26XX.oem4f (.const:UARTCC26XX_fxnTable)
                  00006284    00000028     ti_drivers_config.obj (.const:uartCC26XXHWAttrs)
                  000062ac    00000024     drivers_cc26x2.a : UART.oem4f (.const:UART_defaultParams)
                  000062d0    00000024     release_pem4f.oem4f (.const:xdc_runtime_Startup_sfxnTab__A)
                  000062f4    00000020     display.a : DisplayUart.oem4f (.const:DisplayUartMin_fxnTable)
                  00006314    0000001c     drivers_cc26x2.a : GPTimerCC26XX.oem4f (.const:GPT_LUT)
                  00006330    00000018     ti_drivers_config.obj (.const:BoardGpioInitTable)
                  00006348    00000018     ti_drivers_config.obj (.const:i2cCC26xxHWAttrs)
                  00006360    00000018     drivers_cc26x2.a : GPIOCC26XX.oem4f (.const:interruptType)
                  00006378    00000014     ti_drivers_config.obj (.const:$P$T1$2)
                  0000638c    00000014     ti_drivers_config.obj (.const:GPIOCC26XX_config)
                  000063a0    00000014     ti_drivers_config.obj (.const:PowerCC26X2_config)
                  000063b4    00000014     ti_drivers_config.obj (.const:displayUartHWAttrs)
                  000063c8    00000014     drivers_cc26x2.a : UARTCC26XX.oem4f (.const:parityType)
                  000063dc    00000012     release_pem4f.oem4f (.const:xdc_runtime_Startup_sfxnRts__A)
                  000063ee    00000001     display.a : Display.oem4f (.const:Display_defaultParams)
                  000063ef    00000001     release_pem4f.oem4f (.const:xdc_runtime_Text_charTab__A)
                  000063f0    00000010     drivers_cc26x2.a : I2C.oem4f (.const:I2C_defaultParams)
                  00006400    00000010                      : I2CCC26XX.oem4f (.const:I2C_defaultParams)
                  00006410    00000010                      : UARTCC26XX.oem4f (.const:dataLength)
                  00006420    00000010                      : GPIOCC26XX.oem4f (.const:outPinTypes)
                  00006430    00000010     ti_drivers_config.obj (.const:timerCC26XXHWAttrs)
                  00006440    0000000c     ti_drivers_config.obj (.const:Display_config)
                  0000644c    0000000c     ti_drivers_config.obj (.const:GPTimerCC26XX_config)
                  00006458    0000000c     ti_drivers_config.obj (.const:UART_config)
                  00006464    0000000c     drivers_cc26x2.a : Timer.oem4f (.const:defaultParams)
                  00006470    0000000c                      : TimerCC26XX.oem4f (.const:defaultParams)
                  0000647c    0000000c     ti_drivers_config.obj (.const:gptimerCC26XXHWAttrs)
                  00006488    0000000c     drivers_cc26x2.a : GPIOCC26XX.oem4f (.const:inPinTypes)
                  00006494    0000000c                      : GPIOCC26XX.oem4f (.const:outPinStrengths)
                  000064a0    0000000c     release_pem4f.oem4f (.const:xdc_runtime_Startup_firstFxns__A)
                  000064ac    0000000a     ti_drivers_config.obj (.const)
                  000064b6    00000002     --HOLE-- [fill = 0]
                  000064b8    00000008     driverlib.lib : aux_sysif.obj (.const:$O1$$)
                  000064c0    00000008     ti_drivers_config.obj (.const:$P$T0$1)
                  000064c8    00000008     drivers_cc26x2.a : GPTimerCC26XX.oem4f (.const:GPT_DefaultParams)
                  000064d0    00000008     ti_drivers_config.obj (.const:I2C_config)
                  000064d8    00000008     ti_drivers_config.obj (.const:PINCC26XX_hwAttrs)
                  000064e0    00000008     ti_drivers_config.obj (.const:Timer_config)
                  000064e8    00000008     drivers_cc26x2.a : UARTCC26XX.oem4f (.const:stopBits)
                  000064f0    00000008     release_pem4f.oem4f (.const:ti_sysbios_family_arm_m3_Hwi_excHookFuncs__A)
                  000064f8    00000008     release_pem4f.oem4f (.const:ti_sysbios_knl_Idle_funcList__A)
                  00006500    00000006     drivers_cc26x2.a : UARTCC26XX.oem4f (.const:.string:rxFifoBytes)
                  00006506    00000006                      : UARTCC26XX.oem4f (.const:.string:rxFifoThreshold)
                  0000650c    00000006                      : UARTCC26XX.oem4f (.const:.string:txFifoBytes)
                  00006512    00000006                      : UARTCC26XX.oem4f (.const:.string:txFifoThreshold)
                  00006518    00000004     release_pem4f.oem4f (.const:ti_sysbios_family_arm_m3_Hwi_E_exception__C)
                  0000651c    00000004     release_pem4f.oem4f (.const:ti_sysbios_heaps_HeapMem_primaryHeapBaseAddr__C)
                  00006520    00000004     release_pem4f.oem4f (.const:ti_sysbios_heaps_HeapMem_primaryHeapEndAddr__C)
                  00006524    00000004     release_pem4f.oem4f (.const:ti_sysbios_knl_Clock_tickPeriod__C)
                  00006528    00000004     release_pem4f.oem4f (.const:ti_sysbios_knl_Task_Object__heap__C)

MODULE SUMMARY

       Module                             code    ro data   rw data
       ------                             ----    -------   -------
    .\
       main_tirtos.obj                    874     0         92     
    +--+----------------------------------+-------+---------+---------+
       Total:                             874     0         92     
                                                                   
    .\syscfg\
       ti_drivers_config.obj              310     274       2068   
       ti_devices_config.obj              0       88        0      
    +--+----------------------------------+-------+---------+---------+
       Total:                             310     362       2068   
                                                                   
    C:\Users\alberto\workspace_v11\tirtos_builds_cc13x2_cc26x2_release_ccs\Debug\configPkg\package\cfg\
       release_pem4f.oem4f                802     1259      1802   
    +--+----------------------------------+-------+---------+---------+
       Total:                             802     1259      1802   
                                                                   
    C:/ti/simplelink_cc13x2_26x2_sdk_5_20_00_52/kernel/tirtos/packages/ti/dpl/lib/ccs/m4f/dpl_cc26x2.a
       PowerCC26X2_tirtos.oem4f           260     0         8      
       SemaphoreP_tirtos.oem4f            126     0         0      
       SwiP_tirtos.oem4f                  116     0         0      
       ClockP_tirtos.oem4f                106     0         0      
       HwiP_tirtos.oem4f                  94      0         0      
       SystemP_tirtos.oem4f               4       0         0      
    +--+----------------------------------+-------+---------+---------+
       Total:                             706     0         8      
                                                                   
    C:/ti/simplelink_cc13x2_26x2_sdk_5_20_00_52/source/ti/devices/cc13x2_cc26x2/driverlib/bin/ccs/driverlib.lib
       osc.obj                            1508    336       36     
       sys_ctrl.obj                       420     0         0      
       setup.obj                          324     0         0      
       chipinfo.obj                       270     0         0      
       prcm.obj                           160     0         0      
       aux_sysif.obj                      52      8         0      
       cpu.obj                            30      0         0      
       driverlib_release.obj              0       0         1      
    +--+----------------------------------+-------+---------+---------+
       Total:                             2764    344       37     
                                                                   
    C:/ti/simplelink_cc13x2_26x2_sdk_5_20_00_52/source/ti/display/lib/ccs/m4f/display.a
       DisplayUart.oem4f                  184     32        0      
       Display.oem4f                      174     1         0      
    +--+----------------------------------+-------+---------+---------+
       Total:                             358     33        0      
                                                                   
    C:/ti/simplelink_cc13x2_26x2_sdk_5_20_00_52/source/ti/drivers/lib/ccs/m4f/drivers_cc26x2.a
       UARTCC26XX.oem4f                   2760    108       0      
       PowerCC26X2.oem4f                  2060    84        368    
       PINCC26XX.oem4f                    1578    0         336    
       PowerCC26X2_calibrateRCOSC.oem4f   1400    0         0      
       I2CCC26XX.oem4f                    1122    16        0      
       GPTimerCC26XX.oem4f                1002    36        0      
       GPIOCC26XX.oem4f                   616     64        61     
       TimerCC26XX.oem4f                  392     12        0      
       I2C.oem4f                          366     16        0      
       Timer.oem4f                        242     12        0      
       UART.oem4f                         186     36        1      
       RingBuf.oem4f                      152     0         0      
       List.oem4f                         76      0         0      
    +--+----------------------------------+-------+---------+---------+
       Total:                             11952   384       766    
                                                                   
    C:\Users\alberto\workspace_v11\tirtos_builds_cc13x2_cc26x2_release_ccs\src\sysbios\rom_sysbios.aem4f
       rom_sysbios.obj                    1323    0         180    
    +--+----------------------------------+-------+---------+---------+
       Total:                             1323    0         180    
                                                                   
    C:\ti\ccs1120\ccs\tools\compiler\ti-cgt-arm_20.2.6.LTS\lib\rtsv7M4_T_le_v4SPD16_eabi.lib
       e_acos.c.obj                       1052    0         0      
       fd_add_t2.asm.obj                  438     0         0      
       e_sqrt.c.obj                       344     0         0      
       fd_div_t2.asm.obj                  310     0         0      
       fd_cmp_t2.asm.obj                  268     0         0      
       fd_mul_t2.asm.obj                  252     0         0      
       memcpy_t2.asm.obj                  156     0         0      
       ull_div_t2.asm.obj                 150     0         0      
       memset_t2.asm.obj                  122     0         0      
       ll_div_t2.asm.obj                  110     0         0      
       copy_decompress_lzss.c.obj         104     0         0      
       cpy_tbl.c.obj                      76      0         0      
       fd_tou_t2.asm.obj                  68      0         0      
       u_divt2.asm.obj                    64      0         0      
       fs_tod_t2.asm.obj                  56      0         0      
       i_tofd_t2.asm.obj                  46      0         0      
       _lock.c.obj                        26      0         8      
       u_tofd_t2.asm.obj                  32      0         0      
       ll_asr_t2.asm.obj                  30      0         0      
       args_main.c.obj                    24      0         0      
       ll_mul_t2.asm.obj                  24      0         0      
       copy_decompress_none.c.obj         14      0         0      
       copy_zero_init.c.obj               12      0         0      
       stkdepth_vars.c.obj                0       0         4      
       div0.asm.obj                       2       0         0      
    +--+----------------------------------+-------+---------+---------+
       Total:                             3780    0         12     
                                                                   
    C:\ti\simplelink_cc13x2_26x2_sdk_5_20_00_52\kernel\tirtos\packages\ti\targets\arm\rtsarm\lib\auto_init.aem4f
       auto_init.oem4f                    160     0         0      
    +--+----------------------------------+-------+---------+---------+
       Total:                             160     0         0      
                                                                   
    C:\ti\simplelink_cc13x2_26x2_sdk_5_20_00_52\kernel\tirtos\packages\ti\targets\arm\rtsarm\lib\boot.aem4f
       boot.oem4f                         88      0         0      
    +--+----------------------------------+-------+---------+---------+
       Total:                             88      0         0      
                                                                   
       Stack:                             0       0         1024   
       Linker Generated:                  472     461       0      
    +--+----------------------------------+-------+---------+---------+
       Grand Total:                       23589   2843      5989   


LINKER GENERATED COPY TABLES

__TI_cinit_table @ 000066d8 records: 5, size/record: 8, table size: 40
	.data: load addr=00006530, load size=00000179 bytes, run addr=20004dd8, run size=000005bc bytes, compression=lzss
	.bss: load addr=000066b8, load size=00000008 bytes, run addr=20004110, run size=00000cc5 bytes, compression=zero_init
	.data:xdcRomConstPtr: load addr=000066c0, load size=00000008 bytes, run addr=20000100, run size=00000004 bytes, compression=lzss
	.data:xdcRomExternFuncPtr: load addr=000066c8, load size=00000008 bytes, run addr=20000104, run size=00000004 bytes, compression=lzss
	.data:xdcRomStatePtr: load addr=000066d0, load size=00000008 bytes, run addr=20000108, run size=00000004 bytes, compression=lzss


LINKER GENERATED HANDLER TABLE

__TI_handler_table @ 000066ac records: 3, size/record: 4, table size: 12
	index: 0, handler: __TI_decompress_lzss
	index: 1, handler: __TI_decompress_none
	index: 2, handler: __TI_zero_init


FAR CALL TRAMPOLINES

callee name               trampoline name
   callee addr  tramp addr   call addr  call info
--------------  -----------  ---------  ----------------
xdc_runtime_System_vsnprintf__E  $Tramp$TT$L$PI$$xdc_runtime_System_vsnprintf__E
   1002f8b9     00005a94     00005a7c   dpl_cc26x2.a : SystemP_tirtos.oem4f (.text:SystemP_vsnprintf)
ti_sysbios_knl_Swi_destruct  $Tramp$TT$L$PI$$ti_sysbios_knl_Swi_destruct
   1002e8bd     00005a9c     00005a6c   dpl_cc26x2.a : SwiP_tirtos.oem4f (.text:SwiP_destruct)
ti_sysbios_family_arm_m3_Hwi_enableInterrupt__E  $Tramp$TT$L$PI$$ti_sysbios_family_arm_m3_Hwi_enableInterrupt__E
   1002d91d     00005aa4     00005a60   dpl_cc26x2.a : HwiP_tirtos.oem4f (.text:HwiP_enableInterrupt)
ti_sysbios_family_arm_m3_Hwi_disableInterrupt__E  $Tramp$TT$L$PI$$ti_sysbios_family_arm_m3_Hwi_disableInterrupt__E
   1002d8d9     00005aac     00005a5c   dpl_cc26x2.a : HwiP_tirtos.oem4f (.text:HwiP_disableInterrupt)
ti_sysbios_family_arm_m3_Hwi_disableFxn__E  $Tramp$TT$L$PI$$ti_sysbios_family_arm_m3_Hwi_disableFxn__E
   1002eb55     00005ab4     00005a58   dpl_cc26x2.a : HwiP_tirtos.oem4f (.text:HwiP_disable)
ti_sysbios_family_arm_m3_Hwi_destruct  $Tramp$TT$L$PI$$ti_sysbios_family_arm_m3_Hwi_destruct
   1002e475     00005abc     00005a54   dpl_cc26x2.a : HwiP_tirtos.oem4f (.text:HwiP_destruct)
ti_sysbios_BIOS_getCpuFreq__E  $Tramp$TT$L$PI$$ti_sysbios_BIOS_getCpuFreq__E
   1002e9fd     00005ac4     00005a44   dpl_cc26x2.a : ClockP_tirtos.oem4f (.text:ClockP_getCpuFreq)
ti_sysbios_knl_Clock_destruct  $Tramp$TT$L$PI$$ti_sysbios_knl_Clock_destruct
   1002e649     00005acc     00005a40   dpl_cc26x2.a : ClockP_tirtos.oem4f (.text:ClockP_destruct)
ti_sysbios_knl_Task_self__E  $Tramp$TT$L$PI$$ti_sysbios_knl_Task_self__E
   1002eaf5     00005ad4     000059d0   release_pem4f.oem4f (.text:ti_sysbios_rts_ti_ReentSupport_getTlsAddr__I)
ti_sysbios_knl_Semaphore_delete  $Tramp$TT$L$PI$$ti_sysbios_knl_Semaphore_delete
   1002ecdb     00005adc     00005946   dpl_cc26x2.a : SemaphoreP_tirtos.oem4f (.text:SemaphoreP_delete)
ti_sysbios_knl_Clock_logTick__E  $Tramp$TT$L$PI$$ti_sysbios_knl_Clock_logTick__E
   1002dbd7     00005ae4     00005802   release_pem4f.oem4f (.text:ti_sysbios_knl_Clock_doTick__I)
ti_sysbios_knl_Task_Params__init__S  $Tramp$TT$L$PI$$ti_sysbios_knl_Task_Params__init__S
   1002ec09     00005aec     000057aa   main_tirtos.obj (.text:ti_sysbios_knl_Task_Params_init)
ti_sysbios_knl_Semaphore_post__E  $Tramp$TT$L$PI$$ti_sysbios_knl_Semaphore_post__E
   1002cd21     00005af4     00005734   main_tirtos.obj (.text:timerFxnCB)
                             00005a68   dpl_cc26x2.a : SemaphoreP_tirtos.oem4f (.text:SemaphoreP_post)
ti_sysbios_BIOS_getThreadType__E  $Tramp$TT$L$PI$$ti_sysbios_BIOS_getThreadType__E
   1002ea95     00005afc     00005712   rom_sysbios.aem4f : rom_sysbios.obj (.text:ti_sysbios_rts_ti_ReentSupport_getReent__F)
ti_sysbios_knl_Swi_post__E  $Tramp$TT$L$PI$$ti_sysbios_knl_Swi_post__E
   1002d891     00005b04     0000570c   rom_sysbios.aem4f : rom_sysbios.obj (.text:ti_sysbios_knl_Swi_or__E)
                             0000580a   release_pem4f.oem4f (.text:ti_sysbios_knl_Clock_doTick__I)
                             00005a78   dpl_cc26x2.a : SwiP_tirtos.oem4f (.text:SwiP_post)
ti_sysbios_BIOS_RtsGateProxy_leave__E  $Tramp$TT$L$PI$$ti_sysbios_BIOS_RtsGateProxy_leave__E
   1002ec7b     00005b0c     000056ee   release_pem4f.oem4f (.text:ti_sysbios_BIOS_rtsUnlock__I)
ti_sysbios_knl_Swi_construct  $Tramp$TT$L$PI$$ti_sysbios_knl_Swi_construct
   1002d719     00005b14     00005602   rom_sysbios.aem4f : rom_sysbios.obj (.text:ti_sysbios_knl_Swi_construct2__E)
ti_sysbios_knl_Swi_restore__E  $Tramp$TT$L$PI$$ti_sysbios_knl_Swi_restore__E
   1002db61     00005b1c     000055e6   dpl_cc26x2.a : PowerCC26X2_tirtos.oem4f (.text:PowerCC26XX_schedulerRestore)
ti_sysbios_BIOS_RtsGateProxy_enter__E  $Tramp$TT$L$PI$$ti_sysbios_BIOS_RtsGateProxy_enter__E
   1002ec77     00005b24     000054d6   release_pem4f.oem4f (.text:ti_sysbios_BIOS_rtsLock__I)
ti_sysbios_knl_Task_restore__E  $Tramp$TT$L$PI$$ti_sysbios_knl_Task_restore__E
   1002df45     00005b2c     00005368   rom_sysbios.aem4f : rom_sysbios.obj (.text:_pthread_cleanupFxn)
                             000055ee   dpl_cc26x2.a : PowerCC26X2_tirtos.oem4f (.text:PowerCC26XX_schedulerRestore)
ti_sysbios_knl_Clock_TimerProxy_getCurrentTick__E  $Tramp$TT$L$PI$$ti_sysbios_knl_Clock_TimerProxy_getCurrentTick__E
   1002eac5     00005b34     0000516e   rom_sysbios.aem4f : rom_sysbios.obj (.text:ti_sysbios_knl_Clock_getTicksUntilInterrupt__E)
xdc_runtime_Memory_free__E  $Tramp$TT$L$PI$$xdc_runtime_Memory_free__E
   1002f81d     00005b3c     00005150   rom_sysbios.aem4f : rom_sysbios.obj (.text:_pthread_delete$45)
ti_sysbios_knl_Task_delete  $Tramp$TT$L$PI$$ti_sysbios_knl_Task_delete
   1002ece7     00005b44     00005144   rom_sysbios.aem4f : rom_sysbios.obj (.text:_pthread_delete$45)
ti_sysbios_knl_Semaphore_destruct  $Tramp$TT$L$PI$$ti_sysbios_knl_Semaphore_destruct
   1002e6fd     00005b4c     00005138   rom_sysbios.aem4f : rom_sysbios.obj (.text:_pthread_delete$45)
                             00005a64   dpl_cc26x2.a : SemaphoreP_tirtos.oem4f (.text:SemaphoreP_destruct)
ti_sysbios_knl_Semaphore_construct  $Tramp$TT$L$PI$$ti_sysbios_knl_Semaphore_construct
   1002ddc1     00005b54     000050f8   dpl_cc26x2.a : SemaphoreP_tirtos.oem4f (.text:SemaphoreP_constructBinary)
ti_sysbios_knl_Semaphore_Params__init__S  $Tramp$TT$L$PI$$ti_sysbios_knl_Semaphore_Params__init__S
   1002ebe5     00005b5c     000050e8   dpl_cc26x2.a : SemaphoreP_tirtos.oem4f (.text:SemaphoreP_constructBinary)
                             00005114                : SemaphoreP_tirtos.oem4f (.text:SemaphoreP_createBinary)
ti_sysbios_knl_Task_startup__E  $Tramp$TT$L$PI$$ti_sysbios_knl_Task_startup__E
   1002eceb     00005b64     0000503c   release_pem4f.oem4f (.text:ti_sysbios_BIOS_startFunc__I)
ti_sysbios_knl_Swi_startup__E  $Tramp$TT$L$PI$$ti_sysbios_knl_Swi_startup__E
   1002ec6b     00005b6c     00005038   release_pem4f.oem4f (.text:ti_sysbios_BIOS_startFunc__I)
ti_sysbios_hal_Hwi_startup__E  $Tramp$TT$L$PI$$ti_sysbios_hal_Hwi_startup__E
   1002ec31     00005b74     00005034   release_pem4f.oem4f (.text:ti_sysbios_BIOS_startFunc__I)
ti_sysbios_family_arm_cc26xx_Timer_startup__E  $Tramp$TT$L$PI$$ti_sysbios_family_arm_cc26xx_Timer_startup__E
   1002dcf1     00005b7c     00005030   release_pem4f.oem4f (.text:ti_sysbios_BIOS_startFunc__I)
xdc_runtime_System_atexit__E  $Tramp$TT$L$PI$$xdc_runtime_System_atexit__E
   1002f559     00005b84     00005028   release_pem4f.oem4f (.text:ti_sysbios_BIOS_startFunc__I)
ti_sysbios_BIOS_linkedWithIncorrectBootLibrary__E  $Tramp$TT$L$PI$$ti_sysbios_BIOS_linkedWithIncorrectBootLibrary__E
   1002d01b     00005b8c     00005022   release_pem4f.oem4f (.text:ti_sysbios_BIOS_startFunc__I)
xdc_runtime_Startup_rtsDone__E  $Tramp$TT$L$PI$$xdc_runtime_Startup_rtsDone__E
   1002f8e5     00005b94     0000501a   release_pem4f.oem4f (.text:ti_sysbios_BIOS_startFunc__I)
ti_sysbios_knl_Task_disable__E  $Tramp$TT$L$PI$$ti_sysbios_knl_Task_disable__E
   1002ea4d     00005b9c     00004fee   release_pem4f.oem4f (.text:ti_sysbios_BIOS_atExitFunc__I)
                             0000535a   rom_sysbios.aem4f : rom_sysbios.obj (.text:_pthread_cleanupFxn)
                             000055c6   dpl_cc26x2.a : PowerCC26X2_tirtos.oem4f (.text:PowerCC26XX_schedulerDisable)
ti_sysbios_knl_Swi_disable__E  $Tramp$TT$L$PI$$ti_sysbios_knl_Swi_disable__E
   1002ea25     00005ba4     00004fea   release_pem4f.oem4f (.text:ti_sysbios_BIOS_atExitFunc__I)
                             000055ce   dpl_cc26x2.a : PowerCC26X2_tirtos.oem4f (.text:PowerCC26XX_schedulerDisable)
ti_sysbios_family_arm_m3_Hwi_construct  $Tramp$TT$L$PI$$ti_sysbios_family_arm_m3_Hwi_construct
   1002d421     00005bac     00004bba   rom_sysbios.aem4f : rom_sysbios.obj (.text:ti_sysbios_family_arm_m3_Hwi_construct2__E)
ti_sysbios_family_arm_m3_Hwi_Params__init__S  $Tramp$TT$L$PI$$ti_sysbios_family_arm_m3_Hwi_Params__init__S
   1002eb49     00005bb4     00004b04   dpl_cc26x2.a : HwiP_tirtos.oem4f (.text:HwiP_construct)
ti_sysbios_knl_Clock_construct  $Tramp$TT$L$PI$$ti_sysbios_knl_Clock_construct
   1002dd8d     00005bbc     0000499e   dpl_cc26x2.a : ClockP_tirtos.oem4f (.text:ClockP_construct)
ti_sysbios_knl_Clock_Params__init__S  $Tramp$TT$L$PI$$ti_sysbios_knl_Clock_Params__init__S
   1002eb9d     00005bc4     00004984   dpl_cc26x2.a : ClockP_tirtos.oem4f (.text:ClockP_construct)
strlen                    $Tramp$TT$L$PI$$strlen
   1002fddb     00005bcc     0000476a   display.a : DisplayUart.oem4f (.text:DisplayUartMin_vprintf)
ti_sysbios_knl_Swi_Params__init__S  $Tramp$TT$L$PI$$ti_sysbios_knl_Swi_Params__init__S
   1002ebf1     00005bd4     00004302   dpl_cc26x2.a : SwiP_tirtos.oem4f (.text:SwiP_construct)
ti_sysbios_heaps_HeapMem_Module_GateProxy_leave__E  $Tramp$TT$L$PI$$ti_sysbios_heaps_HeapMem_Module_GateProxy_leave__E
   1002ecaf     00005bdc     00004252   rom_sysbios.aem4f : rom_sysbios.obj (.text:ti_sysbios_heaps_HeapMem_alloc__E)
ti_sysbios_heaps_HeapMem_Module_GateProxy_enter__E  $Tramp$TT$L$PI$$ti_sysbios_heaps_HeapMem_Module_GateProxy_enter__E
   1002ecab     00005be4     0000423c   rom_sysbios.aem4f : rom_sysbios.obj (.text:ti_sysbios_heaps_HeapMem_alloc__E)
xdc_runtime_System_exit__E  $Tramp$TT$L$PI$$xdc_runtime_System_exit__E
   1002f7b1     00005bec     00004214   boot.aem4f : boot.oem4f (.text)
                             00005794   release_pem4f.oem4f (.text:ti_sysbios_BIOS_exitFunc__I)
ti_sysbios_heaps_HeapMem_restore__E  $Tramp$TT$L$PI$$ti_sysbios_heaps_HeapMem_restore__E
   1002eb13     00005bf4     000040b0   rom_sysbios.aem4f : rom_sysbios.obj (.text:ti_sysbios_heaps_HeapMem_initPrimary__I)
ti_sysbios_heaps_HeapMem_Object__get__S  $Tramp$TT$L$PI$$ti_sysbios_heaps_HeapMem_Object__get__S
   1002e275     00005bfc     00004080   rom_sysbios.aem4f : rom_sysbios.obj (.text:ti_sysbios_heaps_HeapMem_initPrimary__I)
xdc_runtime_Error_raiseX__E  $Tramp$TT$L$PI$$xdc_runtime_Error_raiseX__E
   1002f739     00005c04     0000375e   rom_sysbios.aem4f : rom_sysbios.obj (.text:ti_sysbios_family_arm_m3_Hwi_excHandlerMin__I)
                             0000426c                     : rom_sysbios.obj (.text:ti_sysbios_heaps_HeapMem_alloc__E)
ti_sysbios_BIOS_setThreadType__E  $Tramp$TT$L$PI$$ti_sysbios_BIOS_setThreadType__E
   1002ea11     00005c0c     0000371e   rom_sysbios.aem4f : rom_sysbios.obj (.text:ti_sysbios_family_arm_m3_Hwi_excHandlerMin__I)
                             00004ff4   release_pem4f.oem4f (.text:ti_sysbios_BIOS_atExitFunc__I)
                             0000578e   release_pem4f.oem4f (.text:ti_sysbios_BIOS_exitFunc__I)
ti_sysbios_family_arm_m3_Hwi_excFillContext__I  $Tramp$TT$L$PI$$ti_sysbios_family_arm_m3_Hwi_excFillContext__I
   1002bda9     00005c14     00003718   rom_sysbios.aem4f : rom_sysbios.obj (.text:ti_sysbios_family_arm_m3_Hwi_excHandlerMin__I)
ti_sysbios_knl_Semaphore_pend__E  $Tramp$TT$L$PI$$ti_sysbios_knl_Semaphore_pend__E
   1002bfb1     00005c1c     0000312e   main_tirtos.obj (.text:taskGetDataFxn)
                             0000583a   dpl_cc26x2.a : SemaphoreP_tirtos.oem4f (.text:SemaphoreP_pend)
ti_sysbios_BIOS_start__E  $Tramp$TT$L$PI$$ti_sysbios_BIOS_start__E
   1002eaa5     00005c24     000028be   main_tirtos.obj (.text:main)
ti_sysbios_knl_Semaphore_create  $Tramp$TT$L$PI$$ti_sysbios_knl_Semaphore_create
   1002dc49     00005c2c     000028aa   main_tirtos.obj (.text:main)
                             00005124   dpl_cc26x2.a : SemaphoreP_tirtos.oem4f (.text:SemaphoreP_createBinary)
xdc_runtime_System_abort__E  $Tramp$TT$L$PI$$xdc_runtime_System_abort__E
   1002f711     00005c34     00002886   main_tirtos.obj (.text:main)
                             000028a0   main_tirtos.obj (.text:main)
                             000028ba   main_tirtos.obj (.text:main)
ti_sysbios_knl_Task_create  $Tramp$TT$L$PI$$ti_sysbios_knl_Task_create
   1002d529     00005c3c     0000287a   main_tirtos.obj (.text:main)
                             00002894   main_tirtos.obj (.text:main)
ti_sysbios_knl_Clock_stop__E  $Tramp$TT$L$PI$$ti_sysbios_knl_Clock_stop__E
   1002e2c5     00005c44     0000238e   dpl_cc26x2.a : PowerCC26X2_tirtos.oem4f (.text:PowerCC26XX_standbyPolicy)
                             00005a50                : ClockP_tirtos.oem4f (.text:ClockP_stop)
ti_sysbios_knl_Clock_start__E  $Tramp$TT$L$PI$$ti_sysbios_knl_Clock_start__E
   1002e9e7     00005c4c     0000237a   dpl_cc26x2.a : PowerCC26X2_tirtos.oem4f (.text:PowerCC26XX_standbyPolicy)
                             00005a4c                : ClockP_tirtos.oem4f (.text:ClockP_start)
ti_sysbios_knl_Clock_setTimeout__E  $Tramp$TT$L$PI$$ti_sysbios_knl_Clock_setTimeout__E
   1002ecc3     00005c54     00002374   dpl_cc26x2.a : PowerCC26X2_tirtos.oem4f (.text:PowerCC26XX_standbyPolicy)
                             00005a48                : ClockP_tirtos.oem4f (.text:ClockP_setTimeout)
ti_sysbios_family_arm_m3_Hwi_restoreFxn__E  $Tramp$TT$L$PI$$ti_sysbios_family_arm_m3_Hwi_restoreFxn__E
   1002ec47     00005c5c     00001136   drivers_cc26x2.a : UARTCC26XX.oem4f (.text:UARTCC26XX_open)
                             00001142                    : UARTCC26XX.oem4f (.text:UARTCC26XX_open)
                             000011cc                    : UARTCC26XX.oem4f (.text:UARTCC26XX_open)
                             00001570                    : UARTCC26XX.oem4f (.text:UARTCC26XX_read)
                             000015cc                    : UARTCC26XX.oem4f (.text:UARTCC26XX_read)
                             000015f4                    : UARTCC26XX.oem4f (.text:UARTCC26XX_read)
                             00001606                    : UARTCC26XX.oem4f (.text:UARTCC26XX_read)
                             00001650                    : UARTCC26XX.oem4f (.text:UARTCC26XX_read)
                             00001660                    : UARTCC26XX.oem4f (.text:UARTCC26XX_read)
                             000018f2                    : I2C.oem4f (.text:I2C_transferTimeout)
                             00001976                    : I2C.oem4f (.text:I2C_transferTimeout)
                             00001984                    : I2C.oem4f (.text:I2C_transferTimeout)
                             000019f2                    : I2C.oem4f (.text:I2C_transferTimeout)
                             00001bb2                    : PINCC26XX.oem4f (.text:PINCC26XX_setIoCfg)
                             00001bf8                    : PINCC26XX.oem4f (.text:PINCC26XX_setIoCfg)
                             00001ca2                    : GPIOCC26XX.oem4f (.text:GPIO_setConfig)
                             00001cd2                    : GPIOCC26XX.oem4f (.text:GPIO_setConfig)
                             00001e7a                    : I2CCC26XX.oem4f (.text:I2C_open)
                             00001e8a                    : I2CCC26XX.oem4f (.text:I2C_open)
                             00001ea8                    : I2CCC26XX.oem4f (.text:I2C_open)
                             00001f86                    : TimerCC26XX.oem4f (.text:Timer_open)
                             00001f98                    : TimerCC26XX.oem4f (.text:Timer_open)
                             0000226c                    : UARTCC26XX.oem4f (.text:UARTCC26XX_write)
                             0000228e                    : UARTCC26XX.oem4f (.text:UARTCC26XX_write)
                             000022e4                    : UARTCC26XX.oem4f (.text:UARTCC26XX_write)
                             0000240a                    : GPIOCC26XX.oem4f (.text:GPIO_init)
                             00002410                    : GPIOCC26XX.oem4f (.text:GPIO_init)
                             00002554                    : PowerCC26X2.oem4f (.text:Power_releaseDependency)
                             0000278a                    : PowerCC26X2.oem4f (.text:Power_setDependency)
                             00002e4c                    : UARTCC26XX.oem4f (.text:writeTxFifoFlush)
                             00003020                    : UARTCC26XX.oem4f (.text:UARTCC26XX_writeCancel)
                             00003036                    : UARTCC26XX.oem4f (.text:UARTCC26XX_writeCancel)
                             0000306a                    : UARTCC26XX.oem4f (.text:UARTCC26XX_writeCancel)
                             0000328a                    : GPTimerCC26XX.oem4f (.text:GPTimerCC26XX_open)
                             000032a6                    : GPTimerCC26XX.oem4f (.text:GPTimerCC26XX_open)
                             00003e76                    : UARTCC26XX.oem4f (.text:UARTCC26XX_control)
                             00004158                    : GPTimerCC26XX.oem4f (.text:GPTimerCC26XX_stop)
                             00004166                    : GPTimerCC26XX.oem4f (.text:GPTimerCC26XX_stop)
                             000041a2                    : PowerCC26X2_calibrateRCOSC.oem4f (.text:PowerCC26X2_initiateCalibration)
                             00004498                    : GPTimerCC26XX.oem4f (.text:GPTimerCC26XX_start)
                             000044a4                    : GPTimerCC26XX.oem4f (.text:GPTimerCC26XX_start)
                             00004522                    : UARTCC26XX.oem4f (.text:UARTCC26XX_readCancel)
                             00004536                    : UARTCC26XX.oem4f (.text:UARTCC26XX_readCancel)
                             0000465a                    : PINCC26XX.oem4f (.text:PIN_setOutputEnable)
                             000046d6                    : PowerCC26X2.oem4f (.text:switchXOSCHF)
                             000047a2                    : RingBuf.oem4f (.text:RingBuf_put)
                             000047cc                    : RingBuf.oem4f (.text:RingBuf_put)
                             00004870                    : Timer.oem4f (.text:Timer_start)
                             00004888                    : Timer.oem4f (.text:Timer_start)
[...]
1002eb6d  ti_sysbios_gates_GateHwi_enter__E                                  
1002eb79  ti_sysbios_BIOS_RtsGateProxy_Params__init__S                       
1002eb79  ti_sysbios_gates_GateMutex_Params__init__S                         
1002eb79  ti_sysbios_heaps_HeapMem_Module_GateProxy_Params__init__S          
1002eb85  ti_sysbios_heaps_HeapTrack_Params__init__S                         
1002eb91  ti_sysbios_heaps_HeapTrack_isBlocking__E                           
1002eb9d  ti_sysbios_knl_Clock_Params__init__S                               
1002eba9  ti_sysbios_knl_Clock_getTimerHandle__E                             
1002ebb5  ti_sysbios_knl_Event_Params__init__S                               
1002ebc1  ti_sysbios_knl_Mailbox_Params__init__S                             
1002ebcd  ti_sysbios_knl_Queue_dequeue__E                                    
1002ebd9  ti_sysbios_knl_Queue_enqueue__E                                    
1002ebe5  ti_sysbios_knl_Semaphore_Params__init__S                           
1002ebf1  ti_sysbios_knl_Swi_Params__init__S                                 
1002ebfd  ti_sysbios_knl_Swi_self__E                                         
1002ec09  ti_sysbios_knl_Task_Params__init__S                                
1002ec15  ti_sysbios_hal_Hwi_Instance_finalize__E                            
1002ec1f  ti_sysbios_knl_Event_Instance_init__E                              
1002ec29  ti_sysbios_family_arm_m3_Hwi_doSwiRestore__I                       
1002ec31  ti_sysbios_family_arm_m3_Hwi_startup__E                            
1002ec31  ti_sysbios_hal_Hwi_HwiProxy_startup__E                             
1002ec31  ti_sysbios_hal_Hwi_HwiProxy_startup__E                             
1002ec31  ti_sysbios_hal_Hwi_startup__E                                      
1002ec31  ti_sysbios_hal_Hwi_startup__E                                      
1002ec39  ti_sysbios_knl_Idle_loop__E                                        
1002ec41  ti_sysbios_family_arm_m3_Hwi_doTaskRestore__I                      
1002ec47  HwiP_restore                                                       
1002ec47  ti_sysbios_family_arm_m3_Hwi_restoreFxn__E                         
1002ec4d  ti_sysbios_gates_GateHwi_leave__E                                  
1002ec53  ti_sysbios_gates_GateMutex_Instance_finalize__E                    
1002ec59  ti_sysbios_heaps_HeapMem_isBlocking__E                             
1002ec5f  ti_sysbios_knl_Queue_Instance_init__E                              
1002ec65  ti_sysbios_knl_Queue_elemClear__E                                  
1002ec6b  ti_sysbios_knl_Swi_startup__E                                      
1002ec71  ti_sysbios_knl_Task_enable__E                                      
1002ec77  ti_sysbios_BIOS_RtsGateProxy_enter__E                              
1002ec7b  ti_sysbios_BIOS_RtsGateProxy_leave__E                              
1002ec7f  ti_sysbios_family_arm_cc26xx_Timer_getExpiredTicks__E              
1002ec83  ti_sysbios_family_arm_cc26xx_Timer_getPeriod__E                    
1002ec87  ti_sysbios_family_arm_cc26xx_Timer_setPeriod__E                    
1002ec8b  ti_sysbios_family_arm_m3_Hwi_delete                                
1002ec8f  ti_sysbios_family_arm_m3_TaskSupport_Module__startupDone__S        
1002ec8f  ti_sysbios_knl_Task_SupportProxy_Module__startupDone__S            
1002ec93  ti_sysbios_gates_GateHwi_query__E                                  
1002ec93  xdc_runtime_Main_Module_GateProxy_query__E                         
1002ec93  xdc_runtime_System_Module_GateProxy_query__E                       
1002ec93  xdc_runtime_System_Module_GateProxy_query__E                       
1002ec97  ti_sysbios_gates_GateMutex_delete                                  
1002ec9b  ti_sysbios_BIOS_RtsGateProxy_query__E                              
1002ec9b  ti_sysbios_BIOS_RtsGateProxy_query__E                              
1002ec9b  ti_sysbios_gates_GateMutex_query__E                                
1002ec9b  ti_sysbios_heaps_HeapMem_Module_GateProxy_query__E                 
1002ec9b  ti_sysbios_heaps_HeapMem_Module_GateProxy_query__E                 
1002ec9f  ti_sysbios_hal_Hwi_HwiProxy_create                                 
1002eca3  ti_sysbios_hal_Hwi_HwiProxy_delete                                 
1002eca7  ti_sysbios_hal_Hwi_delete                                          
1002ecab  ti_sysbios_heaps_HeapMem_Module_GateProxy_enter__E                 
1002ecaf  ti_sysbios_heaps_HeapMem_Module_GateProxy_leave__E                 
1002ecb3  ti_sysbios_knl_Clock_TimerProxy_getExpiredTicks__E                 
1002ecb7  ti_sysbios_knl_Clock_TimerProxy_getPeriod__E                       
1002ecbb  ti_sysbios_knl_Clock_delete                                        
1002ecbf  ti_sysbios_knl_Clock_removeI__E                                    
1002ecc3  ti_sysbios_knl_Clock_setTimeout__E                                 
1002ecc7  ti_sysbios_knl_Event_delete                                        
1002eccb  ti_sysbios_knl_Mailbox_delete                                      
1002eccf  ti_sysbios_knl_Queue_delete                                        
1002ecd3  ti_sysbios_knl_Queue_head__E                                       
1002ecd7  ti_sysbios_knl_Queue_next__E                                       
1002ecdb  ti_sysbios_knl_Semaphore_delete                                    
1002ecdf  ti_sysbios_knl_Swi_delete                                          
1002ece3  ti_sysbios_knl_Swi_postInit__I                                     
1002ece7  ti_sysbios_knl_Task_delete                                         
1002eceb  ti_sysbios_knl_Task_startup__E                                     
1002ecf1  xdc_runtime_System_doPrint__I                                      
1002f055  xdc_runtime_Startup_startMods__I                                   
1002f15d  xdc_runtime_Text_putSite__E                                        
1002f1f7  xdc_runtime_Error_policySpin__E                                    
1002f1f9  xdc_runtime_Text_putMod__E                                         
1002f289  xdc_runtime_Memory_alloc__E                                        
1002f2f9  xdc_runtime_Core_createObject__I                                   
1002f367  xdc_runtime_Core_deleteObject__I                                   
1002f3c5  xdc_runtime_Text_putLab__E                                         
1002f421  xdc_runtime_Assert_raise__I                                        
1002f475  xdc_runtime_Startup_exec__E                                        
1002f4c9  xdc_runtime_Core_assignParams__I                                   
1002f511  xdc_runtime_Core_constructObject__I                                
1002f559  xdc_runtime_System_atexit__E                                       
1002f5a1  xdc_runtime_Text_xprintf__I                                        
1002f5e5  xdc_runtime_System_processAtExit__E                                
1002f625  xdc_runtime_System_putchar__I                                      
1002f659  xdc_runtime_Core_assignLabel__I                                    
1002f689  xdc_runtime_Text_printVisFxn__I                                    
1002f6b9  xdc_runtime_System_vprintf__E                                      
1002f6e5  xdc_runtime_Text_cordText__E                                       
1002f711  xdc_runtime_System_abort__E                                        
1002f739  xdc_runtime_Error_raiseX__E                                        
1002f759  xdc_runtime_Registry_findById__E                                   
1002f779  xdc_runtime_Error_check__E                                         
1002f795  xdc_runtime_Memory_valloc__E                                       
1002f7b1  xdc_runtime_System_exit__E                                         
1002f7cd  xdc_runtime_Text_ropeText__E                                       
1002f7e9  xdc_runtime_System_printf__E                                       
1002f803  xdc_runtime_Core_destructObject__I                                 
1002f81b  xdc_runtime_System_abortSpin__E                                    
1002f81d  xdc_runtime_Memory_free__E                                         
1002f831  xdc_runtime_Memory_getStats__E                                     
1002f845  xdc_runtime_SysCallback_abort__E                                   
1002f845  xdc_runtime_System_SupportProxy_abort__E                           
1002f859  xdc_runtime_SysCallback_exit__E                                    
1002f859  xdc_runtime_System_SupportProxy_exit__E                            
1002f86d  xdc_runtime_SysCallback_flush__E                                   
1002f86d  xdc_runtime_System_SupportProxy_flush__E                           
1002f86d  xdc_runtime_System_flush__E                                        
1002f881  xdc_runtime_SysCallback_putch__E                                   
1002f881  xdc_runtime_System_SupportProxy_putch__E                           
1002f895  xdc_runtime_SysCallback_ready__E                                   
1002f895  xdc_runtime_System_SupportProxy_ready__E                           
1002f8a9  xdc_runtime_Memory_getMaxDefaultTypeAlign__E                       
1002f8b9  xdc_runtime_System_vsnprintf__E                                    
1002f8c9  xdc_runtime_Timestamp_SupportProxy_get32__E                        
1002f8c9  xdc_runtime_Timestamp_SupportProxy_get32__E                        
1002f8c9  xdc_runtime_Timestamp_get32__E                                     
1002f8c9  xdc_runtime_Timestamp_get32__E                                     
1002f8d9  xdc_runtime_Memory_calloc__E                                       
1002f8e5  xdc_runtime_Startup_rtsDone__E                                     
1002f8f1  xdc_runtime_Memory_HeapProxy_alloc__E                              
1002f8fb  xdc_runtime_Memory_HeapProxy_free__E                               
1002f905  xdc_runtime_Memory_HeapProxy_getStats__E                           
1002f90f  xdc_runtime_Gate_leaveSystem__E                                    
1002f915  xdc_runtime_System_Module_startup__E                               
1002f91b  xdc_runtime_Gate_enterSystem__E                                    
1002f91f  xdc_runtime_SysCallback_Module__startupDone__S                     
1002f91f  xdc_runtime_System_SupportProxy_Module__startupDone__S             
1002f923  xdc_runtime_System_Module_GateProxy_enter__E                       
1002f927  xdc_runtime_System_Module_GateProxy_leave__E                       
1002f92b  xdc_runtime_System_printf_va__F                                    
1002f92f  xdc_runtime_System_exitSpin__E                                     
1002f931  ti_sysbios_family_arm_m3_Hwi_dispatch__I                           
1002fa11  ti_sysbios_family_arm_m3_Hwi_interruptsAreDisabledButShouldNotBe   
1002fa2d  ti_sysbios_family_arm_m3_TaskSupport_buildTaskStack                
1002fab9  ti_sysbios_family_arm_m3_Hwi_initStacks__E                         
1002fb11  ti_sysbios_family_arm_m3_Hwi_pendSV__I                             
1002fb35  ti_sysbios_family_arm_m3_Hwi_return                                
1002fb39  ti_sysbios_family_arm_m3_Hwi_excHandlerAsm__I                      
1002fb59  ti_sysbios_family_xxx_Hwi_switchAndRunFunc                         
1002fb77  ti_sysbios_family_arm_m3_TaskSupport_swap__E                       
1002fb77  ti_sysbios_knl_Task_SupportProxy_swap__E                           
1002fb77  ti_sysbios_knl_Task_SupportProxy_swap__E                           
1002fb83  ti_sysbios_knl_Task_swapReturn                                     
1002fb8f  ti_sysbios_family_arm_m3_TaskSupport_glue                          
1002fba0  ti_sysbios_knl_Task_Object__PARAMS__C                              
1002fbdc  ti_sysbios_knl_Mailbox_Object__PARAMS__C                           
1002fc10  ti_sysbios_family_arm_m3_Hwi_Object__PARAMS__C                     
1002fc40  ti_sysbios_hal_Hwi_Object__PARAMS__C                               
1002fc6c  ti_sysbios_knl_Swi_Object__PARAMS__C                               
1002fc94  ti_sysbios_heaps_HeapMem_Object__PARAMS__C                         
1002fcb8  ti_sysbios_knl_Clock_Object__PARAMS__C                             
1002fcdc  ti_sysbios_knl_Semaphore_Object__PARAMS__C                         
1002fd00  ti_sysbios_gates_GateHwi_Object__PARAMS__C                         
1002fd18  ti_sysbios_gates_GateMutex_Object__PARAMS__C                       
1002fd30  ti_sysbios_knl_Event_Object__PARAMS__C                             
1002fd48  ti_sysbios_knl_Queue_Object__PARAMS__C                             
1002fd80  ti_sysbios_heaps_HeapTrack_Object__PARAMS__C                       
1002fd9c  ti_sysbios_heaps_HeapTrack_Instance_State_trackQueue__O            
1002fda0  ti_sysbios_heaps_HeapTrack_Module__diagsEnabled__C                 
1002fda4  ti_sysbios_heaps_HeapTrack_Module__diagsIncluded__C                
1002fda8  ti_sysbios_heaps_HeapTrack_Module__diagsMask__C                    
1002fddb  strlen                                                             
20000000  __start___llvm_prf_cnts                                            
20000000  __stop___llvm_prf_cnts                                             
20000000  ti_sysbios_family_arm_m3_Hwi_ramVectors                            
20000100  xdcRomConstPtr                                                     
20000104  xdcRomExternFuncPtr                                                
20000108  xdcRomStatePtr                                                     
20000110  __primary_heap_start__                                             
20004110  __primary_heap_end__                                               
20004510  ti_sysbios_knl_Task_Instance_State_0_stack__A                      
20004710  uartCC26XXObjects                                                  
200048cc  i2cCC26xxObjects                                                   
20004a18  ti_sysbios_family_arm_m3_Hwi_dispatchTable                         
20004af0  timerCC26XXObjects                                                 
20004b7c  pinHandleTable                                                     
20004c48  gptimerCC26XXObjects                                               
20004d30  i2cTransaction                                                     
20004d6c  i2cParams                                                          
20004d88  displayUartObject                                                  
20004d94  tparams                                                            
20004da8  rxBuffer                                                           
20004db0  txBuffer                                                           
20004dc0  PowerCC26XX_swiKey                                                 
20004dc4  PowerCC26XX_taskKey                                                
20004dc8  i2c                                                                
20004dcc  semGetData                                                         
20004dd0  timer0_h                                                           
20004dd4  driverlib_release_0_60278                                          
20004dd8  PowerCC26X2_module                                                 
20004f48  ROM_stateStruct                                                    
20004f48  ti_sysbios_knl_Clock_Module__state__V                              
20004f74  ti_sysbios_family_arm_cc26xx_TimestampProvider_Module__state__V    
20004f78  xdc_runtime_Startup_Module__state__V                               
20004f80  xdc_runtime_Registry_Module__state__V                              
20004f88  ti_sysbios_BIOS_Module__state__V                                   
20004fac  ti_sysbios_knl_Swi_Module__state__V                                
20004fc8  ti_sysbios_knl_Task_Module__state__V                               
2000500c  xdc_runtime_Memory_Module__state__V                                
20005010  xdc_runtime_System_Module__state__V                                
20005018  ti_sysbios_family_arm_m3_Hwi_Module__state__V                      
2000504c  ti_sysbios_family_arm_cc26xx_Timer_Module__state__V                
20005108  ti_sysbios_knl_Task_Object__table__V                               
20005154  gpioCallbackFunctions                                              
20005158  ti_sysbios_family_arm_cc26xx_Timer_Object__table__V                
200051a0  ti_sysbios_gates_GateMutex_Object__table__V                        
200051d8  ti_sysbios_knl_Swi_Module_State_0_readyQ__A                        
20005208  ti_sysbios_knl_Swi_Object__table__V                                
20005238  ti_sysbios_knl_Task_Module_State_0_readyQ__A                       
20005268  _hposcCoeffs                                                       
2000528c  ti_sysbios_knl_Clock_Object__table__V                              
200052ac  xdc_runtime_Error_IgnoreBlock                                      
200052cc  ti_sysbios_family_arm_m3_Hwi_Object__table__V                      
200052e4  ti_sysbios_heaps_HeapMem_Object__table__V                          
200052fc  _lock                                                              
20005300  _unlock                                                            
20005304  pinUpperBound                                                      
20005308  pinLowerBound                                                      
2000530c  ti_sysbios_family_arm_m3_Hwi_Module__root__V                       
20005314  ti_sysbios_gates_GateHwi_Module__root__V                           
2000531c  ti_sysbios_gates_GateMutex_Module__root__V                         
20005324  ti_sysbios_hal_Hwi_Module__root__V                                 
2000532c  ti_sysbios_heaps_HeapMem_Module__root__V                           
20005334  ti_sysbios_knl_Clock_Module__root__V                               
2000533c  ti_sysbios_knl_Event_Module__root__V                               
20005344  ti_sysbios_knl_Mailbox_Module__root__V                             
2000534c  ti_sysbios_knl_Queue_Module__root__V                               
20005354  ti_sysbios_knl_Semaphore_Module__root__V                           
2000535c  ti_sysbios_knl_Swi_Module__root__V                                 
20005364  ti_sysbios_knl_Task_Module__root__V                                
2000536c  xdc_runtime_System_Module_State_0_atexitHandlers__A                
2000537a  ti_sysbios_family_arm_m3_Hwi_Module_State_0_excActive__A           
2000537c  gpioPinConfigs                                                     
20005384  main_func_sp                                                       
20005388  ti_sysbios_family_arm_m3_Hwi_Module_State_0_excContext__A          
2000538c  ti_sysbios_family_arm_m3_Hwi_Module_State_0_excStack__A            
20005390  ti_sysbios_knl_Task_Module_State_0_idleTask__A                     
20013c00  __stack                                                            
20014000  __STACK_END                                                        
e000e000  ti_sysbios_family_arm_m3_Hwi_nvic                                  
ffffffff  __TI_pprof_out_hndl                                                
ffffffff  __TI_prof_data_size                                                
ffffffff  __TI_prof_data_start                                               
ffffffff  __binit__                                                          
ffffffff  __c_args__                                                         
ffffffff  binit                                                              
UNDEFED   ITM_flush                                                          
UNDEFED   ITM_restore                                                        
UNDEFED   SHT$$INIT_ARRAY$$Base                                              
UNDEFED   SHT$$INIT_ARRAY$$Limit                                             

[924 symbols]
